2025-03-25T15:28:17.542248+00:00 Cristineubuntu systemd-modules-load[277]: Inserted module 'lp'
2025-03-25T15:28:17.547817+00:00 Cristineubuntu systemd-modules-load[277]: Inserted module 'ppdev'
2025-03-25T15:28:17.547835+00:00 Cristineubuntu systemd-modules-load[277]: Inserted module 'parport_pc'
2025-03-25T15:28:17.547840+00:00 Cristineubuntu systemd-modules-load[277]: Inserted module 'msr'
2025-03-25T15:28:17.547846+00:00 Cristineubuntu systemd[1]: Starting systemd-journal-flush.service - Flush Journal to Persistent Storage...
2025-03-25T15:28:17.547852+00:00 Cristineubuntu systemd[1]: Finished systemd-modules-load.service - Load Kernel Modules.
2025-03-25T15:28:17.547857+00:00 Cristineubuntu systemd[1]: Starting systemd-sysctl.service - Apply Kernel Variables...
2025-03-25T15:28:17.547862+00:00 Cristineubuntu systemd[1]: Finished systemd-random-seed.service - Load/Save OS Random Seed.
2025-03-25T15:28:17.542478+00:00 Cristineubuntu kernel: Linux version 6.11.0-19-generic (buildd@lcy02-amd64-014) (x86_64-linux-gnu-gcc-13 (Ubuntu 13.3.0-6ubuntu2~24.04) 13.3.0, GNU ld (GNU Binutils for Ubuntu) 2.42) #19~24.04.1-Ubuntu SMP PREEMPT_DYNAMIC Mon Feb 17 11:51:52 UTC 2 (Ubuntu 6.11.0-19.19~24.04.1-generic 6.11.11)
2025-03-25T15:28:17.547870+00:00 Cristineubuntu systemd[1]: Finished keyboard-setup.service - Set the console keyboard layout.
2025-03-25T15:28:17.547876+00:00 Cristineubuntu systemd[1]: Finished systemd-tmpfiles-setup-dev-early.service - Create Static Device Nodes in /dev gracefully.
2025-03-25T15:28:17.547882+00:00 Cristineubuntu kernel: Command line: BOOT_IMAGE=/boot/vmlinuz-6.11.0-19-generic root=UUID=d8a5f2ae-25e5-498b-a320-59412f7de7c4 ro quiet splash
2025-03-25T15:28:17.547881+00:00 Cristineubuntu systemd[1]: Starting systemd-sysusers.service - Create System Users...
2025-03-25T15:28:17.547884+00:00 Cristineubuntu kernel: KERNEL supported cpus:
2025-03-25T15:28:17.547884+00:00 Cristineubuntu kernel:   Intel GenuineIntel
2025-03-25T15:28:17.547885+00:00 Cristineubuntu kernel:   AMD AuthenticAMD
2025-03-25T15:28:17.547885+00:00 Cristineubuntu kernel:   Hygon HygonGenuine
2025-03-25T15:28:17.547886+00:00 Cristineubuntu kernel:   Centaur CentaurHauls
2025-03-25T15:28:17.547886+00:00 Cristineubuntu systemd[1]: Finished systemd-journal-flush.service - Flush Journal to Persistent Storage.
2025-03-25T15:28:17.547889+00:00 Cristineubuntu kernel:   zhaoxin   Shanghai  
2025-03-25T15:28:17.547890+00:00 Cristineubuntu kernel: [Firmware Bug]: TSC doesn't count with P0 frequency!
2025-03-25T15:28:17.547891+00:00 Cristineubuntu kernel: BIOS-provided physical RAM map:
2025-03-25T15:28:17.547891+00:00 Cristineubuntu kernel: BIOS-e820: [mem 0x0000000000000000-0x000000000009fbff] usable
2025-03-25T15:28:17.547892+00:00 Cristineubuntu kernel: BIOS-e820: [mem 0x000000000009fc00-0x000000000009ffff] reserved
2025-03-25T15:28:17.547893+00:00 Cristineubuntu kernel: BIOS-e820: [mem 0x00000000000f0000-0x00000000000fffff] reserved
2025-03-25T15:28:17.547891+00:00 Cristineubuntu systemd[1]: Finished systemd-sysctl.service - Apply Kernel Variables.
2025-03-25T15:28:17.547896+00:00 Cristineubuntu kernel: BIOS-e820: [mem 0x0000000000100000-0x00000000dffeffff] usable
2025-03-25T15:28:17.547897+00:00 Cristineubuntu kernel: BIOS-e820: [mem 0x00000000dfff0000-0x00000000dfffffff] ACPI data
2025-03-25T15:28:17.547898+00:00 Cristineubuntu kernel: BIOS-e820: [mem 0x00000000fec00000-0x00000000fec00fff] reserved
2025-03-25T15:28:17.547898+00:00 Cristineubuntu kernel: BIOS-e820: [mem 0x00000000fee00000-0x00000000fee00fff] reserved
2025-03-25T15:28:17.547899+00:00 Cristineubuntu kernel: BIOS-e820: [mem 0x00000000fffc0000-0x00000000ffffffff] reserved
2025-03-25T15:28:17.547899+00:00 Cristineubuntu kernel: BIOS-e820: [mem 0x0000000100000000-0x000000021fffffff] usable
2025-03-25T15:28:17.547900+00:00 Cristineubuntu kernel: NX (Execute Disable) protection: active
2025-03-25T15:28:17.547903+00:00 Cristineubuntu kernel: APIC: Static calls initialized
2025-03-25T15:28:17.547903+00:00 Cristineubuntu kernel: SMBIOS 2.5 present.
2025-03-25T15:28:17.547904+00:00 Cristineubuntu kernel: DMI: innotek GmbH VirtualBox/VirtualBox, BIOS VirtualBox 12/01/2006
2025-03-25T15:28:17.547905+00:00 Cristineubuntu kernel: DMI: Memory slots populated: 0/0
2025-03-25T15:28:17.547905+00:00 Cristineubuntu kernel: Hypervisor detected: KVM
2025-03-25T15:28:17.547906+00:00 Cristineubuntu kernel: kvm-clock: Using msrs 4b564d01 and 4b564d00
2025-03-25T15:28:17.547896+00:00 Cristineubuntu systemd-sysusers[322]: Creating group 'gamemode' with GID 986.
2025-03-25T15:28:17.547909+00:00 Cristineubuntu kernel: kvm-clock: using sched offset of 4056343327 cycles
2025-03-25T15:28:17.547909+00:00 Cristineubuntu kernel: clocksource: kvm-clock: mask: 0xffffffffffffffff max_cycles: 0x1cd42e4dffb, max_idle_ns: 881590591483 ns
2025-03-25T15:28:17.547910+00:00 Cristineubuntu kernel: tsc: Detected 3293.820 MHz processor
2025-03-25T15:28:17.547911+00:00 Cristineubuntu kernel: e820: update [mem 0x00000000-0x00000fff] usable ==> reserved
2025-03-25T15:28:17.547911+00:00 Cristineubuntu kernel: e820: remove [mem 0x000a0000-0x000fffff] usable
2025-03-25T15:28:17.547912+00:00 Cristineubuntu kernel: last_pfn = 0x220000 max_arch_pfn = 0x400000000
2025-03-25T15:28:17.547910+00:00 Cristineubuntu systemd-sysusers[322]: Creating group 'gnome-initial-setup' with GID 985.
2025-03-25T15:28:17.547915+00:00 Cristineubuntu kernel: MTRR map: 5 entries (3 fixed + 2 variable; max 35), built from 16 variable MTRRs
2025-03-25T15:28:17.547915+00:00 Cristineubuntu kernel: x86/PAT: Configuration [0-7]: WB  WC  UC- UC  WB  WP  UC- WT  
2025-03-25T15:28:17.547916+00:00 Cristineubuntu kernel: e820: update [mem 0xe0000000-0xffffffff] usable ==> reserved
2025-03-25T15:28:17.547917+00:00 Cristineubuntu kernel: last_pfn = 0xe0000 max_arch_pfn = 0x400000000
2025-03-25T15:28:17.547917+00:00 Cristineubuntu kernel: found SMP MP-table at [mem 0x0009fbf0-0x0009fbff]
2025-03-25T15:28:17.547918+00:00 Cristineubuntu kernel: RAMDISK: [mem 0x2fd7f000-0x33eb6fff]
2025-03-25T15:28:17.547916+00:00 Cristineubuntu systemd[1]: Finished systemd-sysusers.service - Create System Users.
2025-03-25T15:28:17.547918+00:00 Cristineubuntu kernel: ACPI: Early table checksum verification disabled
2025-03-25T15:28:17.547921+00:00 Cristineubuntu kernel: ACPI: RSDP 0x00000000000E0000 000024 (v02 VBOX  )
2025-03-25T15:28:17.547922+00:00 Cristineubuntu kernel: ACPI: XSDT 0x00000000DFFF0030 00003C (v01 VBOX   VBOXXSDT 00000001 ASL  00000061)
2025-03-25T15:28:17.547923+00:00 Cristineubuntu kernel: ACPI: FACP 0x00000000DFFF00F0 0000F4 (v04 VBOX   VBOXFACP 00000001 ASL  00000061)
2025-03-25T15:28:17.547921+00:00 Cristineubuntu systemd[1]: Starting systemd-tmpfiles-setup-dev.service - Create Static Device Nodes in /dev...
2025-03-25T15:28:17.547923+00:00 Cristineubuntu kernel: ACPI: DSDT 0x00000000DFFF0620 002353 (v02 VBOX   VBOXBIOS 00000002 INTL 20100528)
2025-03-25T15:28:17.547924+00:00 Cristineubuntu kernel: ACPI: FACS 0x00000000DFFF0200 000040
2025-03-25T15:28:17.547925+00:00 Cristineubuntu systemd[1]: Finished systemd-tmpfiles-setup-dev.service - Create Static Device Nodes in /dev.
2025-03-25T15:28:17.547924+00:00 Cristineubuntu kernel: ACPI: FACS 0x00000000DFFF0200 000040
2025-03-25T15:28:17.547929+00:00 Cristineubuntu kernel: ACPI: APIC 0x00000000DFFF0240 00006C (v02 VBOX   VBOXAPIC 00000001 ASL  00000061)
2025-03-25T15:28:17.547929+00:00 Cristineubuntu kernel: ACPI: SSDT 0x00000000DFFF02B0 00036C (v01 VBOX   VBOXCPUT 00000002 INTL 20100528)
2025-03-25T15:28:17.547930+00:00 Cristineubuntu kernel: ACPI: Reserving FACP table memory at [mem 0xdfff00f0-0xdfff01e3]
2025-03-25T15:28:17.547930+00:00 Cristineubuntu kernel: ACPI: Reserving DSDT table memory at [mem 0xdfff0620-0xdfff2972]
2025-03-25T15:28:17.547931+00:00 Cristineubuntu kernel: ACPI: Reserving FACS table memory at [mem 0xdfff0200-0xdfff023f]
2025-03-25T15:28:17.547930+00:00 Cristineubuntu systemd[1]: Reached target local-fs-pre.target - Preparation for Local File Systems.
2025-03-25T15:28:17.547932+00:00 Cristineubuntu kernel: ACPI: Reserving FACS table memory at [mem 0xdfff0200-0xdfff023f]
2025-03-25T15:28:17.547935+00:00 Cristineubuntu kernel: ACPI: Reserving APIC table memory at [mem 0xdfff0240-0xdfff02ab]
2025-03-25T15:28:17.547936+00:00 Cristineubuntu kernel: ACPI: Reserving SSDT table memory at [mem 0xdfff02b0-0xdfff061b]
2025-03-25T15:28:17.547937+00:00 Cristineubuntu kernel: No NUMA configuration found
2025-03-25T15:28:17.547937+00:00 Cristineubuntu kernel: Faking a node at [mem 0x0000000000000000-0x000000021fffffff]
2025-03-25T15:28:17.547938+00:00 Cristineubuntu kernel: NODE_DATA(0) allocated [mem 0x21ffd1000-0x21fffbfff]
2025-03-25T15:28:17.547938+00:00 Cristineubuntu kernel: Zone ranges:
2025-03-25T15:28:17.547939+00:00 Cristineubuntu kernel:   DMA      [mem 0x0000000000001000-0x0000000000ffffff]
2025-03-25T15:28:17.547935+00:00 Cristineubuntu systemd[1]: Mounting snap-bare-5.mount - Mount unit for bare, revision 5...
2025-03-25T15:28:17.547942+00:00 Cristineubuntu kernel:   DMA32    [mem 0x0000000001000000-0x00000000ffffffff]
2025-03-25T15:28:17.547943+00:00 Cristineubuntu kernel:   Normal   [mem 0x0000000100000000-0x000000021fffffff]
2025-03-25T15:28:17.547943+00:00 Cristineubuntu kernel:   Device   empty
2025-03-25T15:28:17.547944+00:00 Cristineubuntu kernel: Movable zone start for each node
2025-03-25T15:28:17.547944+00:00 Cristineubuntu kernel: Early memory node ranges
2025-03-25T15:28:17.547945+00:00 Cristineubuntu kernel:   node   0: [mem 0x0000000000001000-0x000000000009efff]
2025-03-25T15:28:17.547943+00:00 Cristineubuntu systemd[1]: Mounting snap-core22-1748.mount - Mount unit for core22, revision 1748...
2025-03-25T15:28:17.547948+00:00 Cristineubuntu kernel:   node   0: [mem 0x0000000000100000-0x00000000dffeffff]
2025-03-25T15:28:17.547949+00:00 Cristineubuntu kernel:   node   0: [mem 0x0000000100000000-0x000000021fffffff]
2025-03-25T15:28:17.547949+00:00 Cristineubuntu kernel: Initmem setup node 0 [mem 0x0000000000001000-0x000000021fffffff]
2025-03-25T15:28:17.547950+00:00 Cristineubuntu kernel: On node 0, zone DMA: 1 pages in unavailable ranges
2025-03-25T15:28:17.547950+00:00 Cristineubuntu kernel: On node 0, zone DMA: 97 pages in unavailable ranges
2025-03-25T15:28:17.547951+00:00 Cristineubuntu kernel: On node 0, zone Normal: 16 pages in unavailable ranges
2025-03-25T15:28:17.547949+00:00 Cristineubuntu systemd[1]: Mounting snap-firefox-5751.mount - Mount unit for firefox, revision 5751...
2025-03-25T15:28:17.547954+00:00 Cristineubuntu kernel: ACPI: PM-Timer IO Port: 0x4008
2025-03-25T15:28:17.547955+00:00 Cristineubuntu kernel: IOAPIC[0]: apic_id 4, version 32, address 0xfec00000, GSI 0-23
2025-03-25T15:28:17.547956+00:00 Cristineubuntu kernel: ACPI: INT_SRC_OVR (bus 0 bus_irq 0 global_irq 2 dfl dfl)
2025-03-25T15:28:17.547956+00:00 Cristineubuntu kernel: ACPI: INT_SRC_OVR (bus 0 bus_irq 9 global_irq 9 low level)
2025-03-25T15:28:17.547954+00:00 Cristineubuntu systemd[1]: Mounting snap-firmware\x2dupdater-167.mount - Mount unit for firmware-updater, revision 167...
2025-03-25T15:28:17.547957+00:00 Cristineubuntu kernel: ACPI: Using ACPI (MADT) for SMP configuration information
2025-03-25T15:28:17.547957+00:00 Cristineubuntu kernel: CPU topo: Max. logical packages:   1
2025-03-25T15:28:17.547958+00:00 Cristineubuntu kernel: CPU topo: Max. logical dies:       1
2025-03-25T15:28:17.547961+00:00 Cristineubuntu kernel: CPU topo: Max. dies per package:   1
2025-03-25T15:28:17.547959+00:00 Cristineubuntu systemd[1]: Mounting snap-gnome\x2d42\x2d2204-202.mount - Mount unit for gnome-42-2204, revision 202...
2025-03-25T15:28:17.547962+00:00 Cristineubuntu kernel: CPU topo: Max. threads per core:   1
2025-03-25T15:28:17.547962+00:00 Cristineubuntu kernel: CPU topo: Num. cores per package:     4
2025-03-25T15:28:17.547963+00:00 Cristineubuntu kernel: CPU topo: Num. threads per package:   4
2025-03-25T15:28:17.547963+00:00 Cristineubuntu kernel: CPU topo: Allowing 4 present CPUs plus 0 hotplug CPUs
2025-03-25T15:28:17.547964+00:00 Cristineubuntu kernel: PM: hibernation: Registered nosave memory: [mem 0x00000000-0x00000fff]
2025-03-25T15:28:17.547967+00:00 Cristineubuntu kernel: PM: hibernation: Registered nosave memory: [mem 0x0009f000-0x0009ffff]
2025-03-25T15:28:17.547968+00:00 Cristineubuntu kernel: PM: hibernation: Registered nosave memory: [mem 0x000a0000-0x000effff]
2025-03-25T15:28:17.547968+00:00 Cristineubuntu kernel: PM: hibernation: Registered nosave memory: [mem 0x000f0000-0x000fffff]
2025-03-25T15:28:17.547964+00:00 Cristineubuntu systemd[1]: Mounting snap-gtk\x2dcommon\x2dthemes-1535.mount - Mount unit for gtk-common-themes, revision 1535...
2025-03-25T15:28:17.547969+00:00 Cristineubuntu kernel: PM: hibernation: Registered nosave memory: [mem 0xdfff0000-0xdfffffff]
2025-03-25T15:28:17.547970+00:00 Cristineubuntu kernel: PM: hibernation: Registered nosave memory: [mem 0xe0000000-0xfebfffff]
2025-03-25T15:28:17.547971+00:00 Cristineubuntu kernel: PM: hibernation: Registered nosave memory: [mem 0xfec00000-0xfec00fff]
2025-03-25T15:28:17.547971+00:00 Cristineubuntu kernel: PM: hibernation: Registered nosave memory: [mem 0xfec01000-0xfedfffff]
2025-03-25T15:28:17.547972+00:00 Cristineubuntu systemd[1]: Mounting snap-snap\x2dstore-1248.mount - Mount unit for snap-store, revision 1248...
2025-03-25T15:28:17.547975+00:00 Cristineubuntu kernel: PM: hibernation: Registered nosave memory: [mem 0xfee00000-0xfee00fff]
2025-03-25T15:28:17.547976+00:00 Cristineubuntu kernel: PM: hibernation: Registered nosave memory: [mem 0xfee01000-0xfffbffff]
2025-03-25T15:28:17.547976+00:00 Cristineubuntu kernel: PM: hibernation: Registered nosave memory: [mem 0xfffc0000-0xffffffff]
2025-03-25T15:28:17.547977+00:00 Cristineubuntu kernel: [mem 0xe0000000-0xfebfffff] available for PCI devices
2025-03-25T15:28:17.547977+00:00 Cristineubuntu kernel: Booting paravirtualized kernel on KVM
2025-03-25T15:28:17.547978+00:00 Cristineubuntu kernel: clocksource: refined-jiffies: mask: 0xffffffff max_cycles: 0xffffffff, max_idle_ns: 1910969940391419 ns
2025-03-25T15:28:17.547977+00:00 Cristineubuntu systemd[1]: Mounting snap-snapd-23545.mount - Mount unit for snapd, revision 23545...
2025-03-25T15:28:17.547981+00:00 Cristineubuntu kernel: setup_percpu: NR_CPUS:8192 nr_cpumask_bits:4 nr_cpu_ids:4 nr_node_ids:1
2025-03-25T15:28:17.547982+00:00 Cristineubuntu kernel: percpu: Embedded 88 pages/cpu s237568 r8192 d114688 u524288
2025-03-25T15:28:17.547982+00:00 Cristineubuntu kernel: pcpu-alloc: s237568 r8192 d114688 u524288 alloc=1*2097152
2025-03-25T15:28:17.547983+00:00 Cristineubuntu kernel: pcpu-alloc: [0] 0 1 2 3 
2025-03-25T15:28:17.547983+00:00 Cristineubuntu kernel: kvm-guest: PV spinlocks enabled
2025-03-25T15:28:17.547984+00:00 Cristineubuntu kernel: PV qspinlock hash table entries: 256 (order: 0, 4096 bytes, linear)
2025-03-25T15:28:17.547982+00:00 Cristineubuntu systemd[1]: Mounting snap-snapd\x2ddesktop\x2dintegration-253.mount - Mount unit for snapd-desktop-integration, revision 253...
2025-03-25T15:28:17.547987+00:00 Cristineubuntu kernel: Kernel command line: BOOT_IMAGE=/boot/vmlinuz-6.11.0-19-generic root=UUID=d8a5f2ae-25e5-498b-a320-59412f7de7c4 ro quiet splash
2025-03-25T15:28:17.547988+00:00 Cristineubuntu kernel: Unknown kernel command line parameters "splash BOOT_IMAGE=/boot/vmlinuz-6.11.0-19-generic", will be passed to user space.
2025-03-25T15:28:17.547989+00:00 Cristineubuntu kernel: random: crng init done
2025-03-25T15:28:17.547989+00:00 Cristineubuntu kernel: Dentry cache hash table entries: 1048576 (order: 11, 8388608 bytes, linear)
2025-03-25T15:28:17.547987+00:00 Cristineubuntu systemd[1]: Starting systemd-udevd.service - Rule-based Manager for Device Events and Files...
2025-03-25T15:28:17.547990+00:00 Cristineubuntu kernel: Inode-cache hash table entries: 524288 (order: 10, 4194304 bytes, linear)
2025-03-25T15:28:17.547992+00:00 Cristineubuntu systemd[1]: Finished systemd-udev-trigger.service - Coldplug All udev Devices.
2025-03-25T15:28:17.547997+00:00 Cristineubuntu systemd[1]: Mounted snap-bare-5.mount - Mount unit for bare, revision 5.
2025-03-25T15:28:17.548005+00:00 Cristineubuntu systemd[1]: Mounted snap-core22-1748.mount - Mount unit for core22, revision 1748.
2025-03-25T15:28:17.548010+00:00 Cristineubuntu systemd[1]: Mounted snap-firefox-5751.mount - Mount unit for firefox, revision 5751.
2025-03-25T15:28:17.548014+00:00 Cristineubuntu systemd[1]: Mounted snap-firmware\x2dupdater-167.mount - Mount unit for firmware-updater, revision 167.
2025-03-25T15:28:17.548019+00:00 Cristineubuntu systemd[1]: Mounted snap-gnome\x2d42\x2d2204-202.mount - Mount unit for gnome-42-2204, revision 202.
2025-03-25T15:28:17.548023+00:00 Cristineubuntu systemd[1]: Mounted snap-gtk\x2dcommon\x2dthemes-1535.mount - Mount unit for gtk-common-themes, revision 1535.
2025-03-25T15:28:17.548030+00:00 Cristineubuntu systemd[1]: Mounted snap-snap\x2dstore-1248.mount - Mount unit for snap-store, revision 1248.
2025-03-25T15:28:17.548035+00:00 Cristineubuntu systemd[1]: Mounted snap-snapd-23545.mount - Mount unit for snapd, revision 23545.
2025-03-25T15:28:17.548040+00:00 Cristineubuntu systemd[1]: Mounted snap-snapd\x2ddesktop\x2dintegration-253.mount - Mount unit for snapd-desktop-integration, revision 253.
2025-03-25T15:28:17.548044+00:00 Cristineubuntu systemd[1]: Reached target snapd.mounts.target - Mounted snaps.
2025-03-25T15:28:17.548048+00:00 Cristineubuntu systemd[1]: Reached target local-fs.target - Local File Systems.
2025-03-25T15:28:17.548053+00:00 Cristineubuntu systemd[1]: Listening on systemd-sysext.socket - System Extension Image Management (Varlink).
2025-03-25T15:28:17.548060+00:00 Cristineubuntu systemd[1]: Starting apparmor.service - Load AppArmor profiles...
2025-03-25T15:28:17.548065+00:00 Cristineubuntu systemd[1]: Starting console-setup.service - Set console font and keymap...
2025-03-25T15:28:17.548069+00:00 Cristineubuntu systemd[1]: Starting ldconfig.service - Rebuild Dynamic Linker Cache...
2025-03-25T15:28:17.548074+00:00 Cristineubuntu systemd-udevd[341]: Using default interface naming scheme 'v255'.
2025-03-25T15:28:17.548079+00:00 Cristineubuntu systemd[1]: Starting plymouth-read-write.service - Tell Plymouth To Write Out Runtime Data...
2025-03-25T15:28:17.548086+00:00 Cristineubuntu kernel: Fallback order for Node 0: 0 
2025-03-25T15:28:17.548089+00:00 Cristineubuntu kernel: Built 1 zonelists, mobility grouping on.  Total pages: 2097038
2025-03-25T15:28:17.548084+00:00 Cristineubuntu systemd[1]: Starting systemd-binfmt.service - Set Up Additional Binary Formats...
2025-03-25T15:28:17.548090+00:00 Cristineubuntu kernel: Policy zone: Normal
2025-03-25T15:28:17.548090+00:00 Cristineubuntu kernel: mem auto-init: stack:all(zero), heap alloc:on, heap free:off
2025-03-25T15:28:17.548091+00:00 Cristineubuntu kernel: software IO TLB: area num 4.
2025-03-25T15:28:17.548091+00:00 Cristineubuntu kernel: SLUB: HWalign=64, Order=0-3, MinObjects=0, CPUs=4, Nodes=1
2025-03-25T15:28:17.548092+00:00 Cristineubuntu kernel: ftrace: allocating 59199 entries in 232 pages
2025-03-25T15:28:17.548092+00:00 Cristineubuntu kernel: ftrace: allocated 232 pages with 4 groups
2025-03-25T15:28:17.548092+00:00 Cristineubuntu systemd[1]: Starting systemd-tmpfiles-setup.service - Create Volatile Files and Directories...
2025-03-25T15:28:17.548095+00:00 Cristineubuntu kernel: Dynamic Preempt: voluntary
2025-03-25T15:28:17.548096+00:00 Cristineubuntu kernel: rcu: Preemptible hierarchical RCU implementation.
2025-03-25T15:28:17.548097+00:00 Cristineubuntu kernel: rcu: 	RCU restricting CPUs from NR_CPUS=8192 to nr_cpu_ids=4.
2025-03-25T15:28:17.548097+00:00 Cristineubuntu kernel: 	Trampoline variant of Tasks RCU enabled.
2025-03-25T15:28:17.548098+00:00 Cristineubuntu kernel: 	Rude variant of Tasks RCU enabled.
2025-03-25T15:28:17.548098+00:00 Cristineubuntu kernel: 	Tracing variant of Tasks RCU enabled.
2025-03-25T15:28:17.548097+00:00 Cristineubuntu apparmor.systemd[352]: Restarting AppArmor
2025-03-25T15:28:17.548101+00:00 Cristineubuntu kernel: rcu: RCU calculated value of scheduler-enlistment delay is 100 jiffies.
2025-03-25T15:28:17.548102+00:00 Cristineubuntu kernel: rcu: Adjusting geometry for rcu_fanout_leaf=16, nr_cpu_ids=4
2025-03-25T15:28:17.548103+00:00 Cristineubuntu kernel: RCU Tasks: Setting shift to 2 and lim to 1 rcu_task_cb_adjust=1 rcu_task_cpu_ids=4.
2025-03-25T15:28:17.548103+00:00 Cristineubuntu kernel: RCU Tasks Rude: Setting shift to 2 and lim to 1 rcu_task_cb_adjust=1 rcu_task_cpu_ids=4.
2025-03-25T15:28:17.548104+00:00 Cristineubuntu kernel: RCU Tasks Trace: Setting shift to 2 and lim to 1 rcu_task_cb_adjust=1 rcu_task_cpu_ids=4.
2025-03-25T15:28:17.548104+00:00 Cristineubuntu kernel: NR_IRQS: 524544, nr_irqs: 456, preallocated irqs: 16
2025-03-25T15:28:17.548103+00:00 Cristineubuntu systemd[1]: Starting ufw.service - Uncomplicated firewall...
2025-03-25T15:28:17.548107+00:00 Cristineubuntu kernel: rcu: srcu_init: Setting srcu_struct sizes based on contention.
2025-03-25T15:28:17.548108+00:00 Cristineubuntu kernel: Console: colour VGA+ 80x25
2025-03-25T15:28:17.548109+00:00 Cristineubuntu kernel: printk: legacy console [tty0] enabled
2025-03-25T15:28:17.548109+00:00 Cristineubuntu kernel: ACPI: Core revision 20240322
2025-03-25T15:28:17.548107+00:00 Cristineubuntu systemd[1]: Finished console-setup.service - Set console font and keymap.
2025-03-25T15:28:17.548110+00:00 Cristineubuntu kernel: APIC: Switch to symmetric I/O mode setup
2025-03-25T15:28:17.548110+00:00 Cristineubuntu kernel: x2apic enabled
2025-03-25T15:28:17.548111+00:00 Cristineubuntu kernel: APIC: Switched APIC routing to: physical x2apic
2025-03-25T15:28:17.548114+00:00 Cristineubuntu kernel: ..TIMER: vector=0x30 apic1=0 pin1=2 apic2=-1 pin2=-1
2025-03-25T15:28:17.548112+00:00 Cristineubuntu apparmor.systemd[352]: Reloading AppArmor profiles
2025-03-25T15:28:17.548115+00:00 Cristineubuntu kernel: clocksource: tsc-early: mask: 0xffffffffffffffff max_cycles: 0x2f7a7e5958f, max_idle_ns: 440795349294 ns
2025-03-25T15:28:17.548117+00:00 Cristineubuntu kernel: Calibrating delay loop (skipped) preset value.. 6587.64 BogoMIPS (lpj=3293820)
2025-03-25T15:28:17.548117+00:00 Cristineubuntu kernel: Last level iTLB entries: 4KB 512, 2MB 512, 4MB 256
2025-03-25T15:28:17.548118+00:00 Cristineubuntu kernel: Last level dTLB entries: 4KB 2048, 2MB 2048, 4MB 1024, 1GB 0
2025-03-25T15:28:17.548118+00:00 Cristineubuntu kernel: Spectre V1 : Mitigation: usercopy/swapgs barriers and __user pointer sanitization
2025-03-25T15:28:17.548121+00:00 Cristineubuntu kernel: Spectre V2 : Mitigation: Retpolines
2025-03-25T15:28:17.548122+00:00 Cristineubuntu kernel: Spectre V2 : Spectre v2 / SpectreRSB mitigation: Filling RSB on context switch
2025-03-25T15:28:17.548122+00:00 Cristineubuntu kernel: Spectre V2 : Spectre v2 / SpectreRSB : Filling RSB on VMEXIT
2025-03-25T15:28:17.548123+00:00 Cristineubuntu kernel: Speculative Return Stack Overflow: IBPB-extending microcode not applied!
2025-03-25T15:28:17.548118+00:00 Cristineubuntu systemd[1]: Received SIGRTMIN+20 from PID 191 (plymouthd).
2025-03-25T15:28:17.548123+00:00 Cristineubuntu kernel: Speculative Return Stack Overflow: WARNING: See https://kernel.org/doc/html/latest/admin-guide/hw-vuln/srso.html for mitigation options.
2025-03-25T15:28:17.548124+00:00 Cristineubuntu kernel: Speculative Return Stack Overflow: Vulnerable: Safe RET, no microcode
2025-03-25T15:28:17.548127+00:00 Cristineubuntu kernel: x86/fpu: Supporting XSAVE feature 0x001: 'x87 floating point registers'
2025-03-25T15:28:17.548128+00:00 Cristineubuntu kernel: x86/fpu: Supporting XSAVE feature 0x002: 'SSE registers'
2025-03-25T15:28:17.548126+00:00 Cristineubuntu systemd[1]: Finished plymouth-read-write.service - Tell Plymouth To Write Out Runtime Data.
2025-03-25T15:28:17.548128+00:00 Cristineubuntu kernel: x86/fpu: Supporting XSAVE feature 0x004: 'AVX registers'
2025-03-25T15:28:17.548129+00:00 Cristineubuntu kernel: x86/fpu: xstate_offset[2]:  576, xstate_sizes[2]:  256
2025-03-25T15:28:17.548130+00:00 Cristineubuntu kernel: x86/fpu: Enabled xstate features 0x7, context size is 832 bytes, using 'standard' format.
2025-03-25T15:28:17.548130+00:00 Cristineubuntu kernel: Freeing SMP alternatives memory: 48K
2025-03-25T15:28:17.548131+00:00 Cristineubuntu kernel: pid_max: default: 32768 minimum: 301
2025-03-25T15:28:17.548131+00:00 Cristineubuntu systemd[1]: Finished ufw.service - Uncomplicated firewall.
2025-03-25T15:28:17.548134+00:00 Cristineubuntu kernel: LSM: initializing lsm=lockdown,capability,landlock,yama,apparmor,ima,evm
2025-03-25T15:28:17.548134+00:00 Cristineubuntu kernel: landlock: Up and running.
2025-03-25T15:28:17.548135+00:00 Cristineubuntu kernel: Yama: becoming mindful.
2025-03-25T15:28:17.548136+00:00 Cristineubuntu kernel: AppArmor: AppArmor initialized
2025-03-25T15:28:17.548136+00:00 Cristineubuntu kernel: Mount-cache hash table entries: 16384 (order: 5, 131072 bytes, linear)
2025-03-25T15:28:17.548137+00:00 Cristineubuntu kernel: Mountpoint-cache hash table entries: 16384 (order: 5, 131072 bytes, linear)
2025-03-25T15:28:17.548136+00:00 Cristineubuntu systemd[1]: proc-sys-fs-binfmt_misc.automount: Got automount request for /proc/sys/fs/binfmt_misc, triggered by 359 (systemd-binfmt)
2025-03-25T15:28:17.548140+00:00 Cristineubuntu systemd[1]: Mounting proc-sys-fs-binfmt_misc.mount - Arbitrary Executable File Formats File System...
2025-03-25T15:28:17.548145+00:00 Cristineubuntu kernel: APIC calibration not consistent with PM-Timer: 102ms instead of 100ms
2025-03-25T15:28:17.548146+00:00 Cristineubuntu kernel: APIC delta adjusted to PM-Timer: 6288939 (6460133)
2025-03-25T15:28:17.548147+00:00 Cristineubuntu kernel: smpboot: CPU0: AMD Ryzen 5 6600H with Radeon Graphics (family: 0x19, model: 0x44, stepping: 0x1)
2025-03-25T15:28:17.548147+00:00 Cristineubuntu kernel: Performance Events: PMU not available due to virtualization, using software events only.
2025-03-25T15:28:17.548148+00:00 Cristineubuntu kernel: signal: max sigframe size: 1776
2025-03-25T15:28:17.548148+00:00 Cristineubuntu kernel: rcu: Hierarchical SRCU implementation.
2025-03-25T15:28:17.548146+00:00 Cristineubuntu systemd[1]: Mounted proc-sys-fs-binfmt_misc.mount - Arbitrary Executable File Formats File System.
2025-03-25T15:28:17.548151+00:00 Cristineubuntu kernel: rcu: 	Max phase no-delay instances is 400.
2025-03-25T15:28:17.548152+00:00 Cristineubuntu kernel: Timer migration: 1 hierarchy levels; 8 children per group; 1 crossnode level
2025-03-25T15:28:17.548152+00:00 Cristineubuntu kernel: NMI watchdog: Perf NMI watchdog permanently disabled
2025-03-25T15:28:17.548153+00:00 Cristineubuntu kernel: smp: Bringing up secondary CPUs ...
2025-03-25T15:28:17.548153+00:00 Cristineubuntu kernel: smpboot: x86: Booting SMP configuration:
2025-03-25T15:28:17.548154+00:00 Cristineubuntu kernel: .... node  #0, CPUs:      #1 #2 #3
2025-03-25T15:28:17.548155+00:00 Cristineubuntu kernel: smp: Brought up 1 node, 4 CPUs
2025-03-25T15:28:17.548153+00:00 Cristineubuntu systemd[1]: Finished systemd-binfmt.service - Set Up Additional Binary Formats.
2025-03-25T15:28:17.548157+00:00 Cristineubuntu kernel: smpboot: Total of 4 processors activated (26350.56 BogoMIPS)
2025-03-25T15:28:17.548158+00:00 Cristineubuntu kernel: Memory: 8048312K/8388152K available (22528K kernel code, 4518K rwdata, 14876K rodata, 5096K init, 4528K bss, 332028K reserved, 0K cma-reserved)
2025-03-25T15:28:17.548159+00:00 Cristineubuntu kernel: devtmpfs: initialized
2025-03-25T15:28:17.548159+00:00 Cristineubuntu kernel: x86/mm: Memory block size: 128MB
2025-03-25T15:28:17.548160+00:00 Cristineubuntu kernel: clocksource: jiffies: mask: 0xffffffff max_cycles: 0xffffffff, max_idle_ns: 1911260446275000 ns
2025-03-25T15:28:17.548160+00:00 Cristineubuntu kernel: futex hash table entries: 1024 (order: 4, 65536 bytes, linear)
2025-03-25T15:28:17.548158+00:00 Cristineubuntu systemd[1]: Finished systemd-tmpfiles-setup.service - Create Volatile Files and Directories.
2025-03-25T15:28:17.548164+00:00 Cristineubuntu kernel: pinctrl core: initialized pinctrl subsystem
2025-03-25T15:28:17.548164+00:00 Cristineubuntu kernel: PM: RTC time: 15:28:05, date: 2025-03-25
2025-03-25T15:28:17.548165+00:00 Cristineubuntu kernel: NET: Registered PF_NETLINK/PF_ROUTE protocol family
2025-03-25T15:28:17.548165+00:00 Cristineubuntu kernel: DMA: preallocated 1024 KiB GFP_KERNEL pool for atomic allocations
2025-03-25T15:28:17.548166+00:00 Cristineubuntu kernel: DMA: preallocated 1024 KiB GFP_KERNEL|GFP_DMA pool for atomic allocations
2025-03-25T15:28:17.548164+00:00 Cristineubuntu systemd[1]: systemd-firstboot.service - First Boot Wizard was skipped because of an unmet condition check (ConditionFirstBoot=yes).
2025-03-25T15:28:17.548166+00:00 Cristineubuntu kernel: DMA: preallocated 1024 KiB GFP_KERNEL|GFP_DMA32 pool for atomic allocations
2025-03-25T15:28:17.548170+00:00 Cristineubuntu kernel: audit: initializing netlink subsys (disabled)
2025-03-25T15:28:17.548170+00:00 Cristineubuntu kernel: audit: type=2000 audit(1742916489.655:1): state=initialized audit_enabled=0 res=1
2025-03-25T15:28:17.548171+00:00 Cristineubuntu kernel: thermal_sys: Registered thermal governor 'fair_share'
2025-03-25T15:28:17.548171+00:00 Cristineubuntu kernel: thermal_sys: Registered thermal governor 'bang_bang'
2025-03-25T15:28:17.548169+00:00 Cristineubuntu systemd[1]: first-boot-complete.target - First Boot Complete was skipped because of an unmet condition check (ConditionFirstBoot=yes).
2025-03-25T15:28:17.548172+00:00 Cristineubuntu kernel: thermal_sys: Registered thermal governor 'step_wise'
2025-03-25T15:28:17.548173+00:00 Cristineubuntu kernel: thermal_sys: Registered thermal governor 'user_space'
2025-03-25T15:28:17.548174+00:00 Cristineubuntu kernel: thermal_sys: Registered thermal governor 'power_allocator'
2025-03-25T15:28:17.548177+00:00 Cristineubuntu kernel: EISA bus registered
2025-03-25T15:28:17.548177+00:00 Cristineubuntu kernel: cpuidle: using governor ladder
2025-03-25T15:28:17.548175+00:00 Cristineubuntu systemd[1]: Starting systemd-journal-catalog-update.service - Rebuild Journal Catalog...
2025-03-25T15:28:17.548178+00:00 Cristineubuntu kernel: cpuidle: using governor menu
2025-03-25T15:28:17.548178+00:00 Cristineubuntu kernel: acpiphp: ACPI Hot Plug PCI Controller Driver version: 0.5
2025-03-25T15:28:17.548179+00:00 Cristineubuntu kernel: PCI: Using configuration type 1 for base access
2025-03-25T15:28:17.548179+00:00 Cristineubuntu kernel: PCI: Using configuration type 1 for extended access
2025-03-25T15:28:17.548183+00:00 Cristineubuntu kernel: mtrr: your CPUs had inconsistent variable MTRR settings
2025-03-25T15:28:17.548183+00:00 Cristineubuntu kernel: mtrr: probably your BIOS does not setup all CPUs.
2025-03-25T15:28:17.548184+00:00 Cristineubuntu kernel: mtrr: corrected configuration.
2025-03-25T15:28:17.548184+00:00 Cristineubuntu kernel: kprobes: kprobe jump-optimization is enabled. All kprobes are optimized if possible.
2025-03-25T15:28:17.548185+00:00 Cristineubuntu kernel: HugeTLB: registered 2.00 MiB page size, pre-allocated 0 pages
2025-03-25T15:28:17.548186+00:00 Cristineubuntu kernel: HugeTLB: 28 KiB vmemmap can be freed for a 2.00 MiB page
2025-03-25T15:28:17.548195+00:00 Cristineubuntu kernel: ACPI: Added _OSI(Module Device)
2025-03-25T15:28:17.548196+00:00 Cristineubuntu kernel: ACPI: Added _OSI(Processor Device)
2025-03-25T15:28:17.548196+00:00 Cristineubuntu kernel: ACPI: Added _OSI(3.0 _SCP Extensions)
2025-03-25T15:28:17.548197+00:00 Cristineubuntu kernel: ACPI: Added _OSI(Processor Aggregator Device)
2025-03-25T15:28:17.548197+00:00 Cristineubuntu kernel: ACPI: 2 ACPI AML tables successfully acquired and loaded
2025-03-25T15:28:17.548198+00:00 Cristineubuntu kernel: ACPI: Interpreter enabled
2025-03-25T15:28:17.548199+00:00 Cristineubuntu kernel: ACPI: PM: (supports S0 S5)
2025-03-25T15:28:17.548205+00:00 Cristineubuntu kernel: ACPI: Using IOAPIC for interrupt routing
2025-03-25T15:28:17.548206+00:00 Cristineubuntu kernel: PCI: Using host bridge windows from ACPI; if necessary, use "pci=nocrs" and report a bug
2025-03-25T15:28:17.548207+00:00 Cristineubuntu kernel: PCI: Using E820 reservations for host bridge windows
2025-03-25T15:28:17.548207+00:00 Cristineubuntu kernel: ACPI: Enabled 2 GPEs in block 00 to 07
2025-03-25T15:28:17.548208+00:00 Cristineubuntu kernel: ACPI: PCI Root Bridge [PCI0] (domain 0000 [bus 00-ff])
2025-03-25T15:28:17.548208+00:00 Cristineubuntu kernel: acpi PNP0A03:00: _OSC: OS supports [ExtendedConfig ASPM ClockPM Segments MSI EDR HPX-Type3]
2025-03-25T15:28:17.548181+00:00 Cristineubuntu systemd[1]: systemd-machine-id-commit.service - Commit a transient machine-id on disk was skipped because of an unmet condition check (ConditionPathIsMountPoint=/etc/machine-id).
2025-03-25T15:28:17.548214+00:00 Cristineubuntu kernel: acpi PNP0A03:00: _OSC: platform does not support [PCIeCapability LTR DPC]
2025-03-25T15:28:17.548214+00:00 Cristineubuntu systemd[1]: Starting systemd-oomd.service - Userspace Out-Of-Memory (OOM) Killer...
2025-03-25T15:28:17.548220+00:00 Cristineubuntu systemd[1]: Starting systemd-resolved.service - Network Name Resolution...
2025-03-25T15:28:17.548225+00:00 Cristineubuntu systemd[1]: Starting systemd-timesyncd.service - Network Time Synchronization...
2025-03-25T15:28:17.548229+00:00 Cristineubuntu systemd[1]: Starting systemd-update-utmp.service - Record System Boot/Shutdown in UTMP...
2025-03-25T15:28:17.548233+00:00 Cristineubuntu systemd[1]: Finished ldconfig.service - Rebuild Dynamic Linker Cache.
2025-03-25T15:28:17.548241+00:00 Cristineubuntu systemd[1]: Finished systemd-update-utmp.service - Record System Boot/Shutdown in UTMP.
2025-03-25T15:28:17.548246+00:00 Cristineubuntu systemd[1]: Started systemd-udevd.service - Rule-based Manager for Device Events and Files.
2025-03-25T15:28:17.548250+00:00 Cristineubuntu systemd[1]: Finished systemd-journal-catalog-update.service - Rebuild Journal Catalog.
2025-03-25T15:28:17.548255+00:00 Cristineubuntu systemd[1]: Starting plymouth-start.service - Show Plymouth Boot Screen...
2025-03-25T15:28:17.548259+00:00 Cristineubuntu systemd[1]: Starting systemd-update-done.service - Update is Completed...
2025-03-25T15:28:17.548264+00:00 Cristineubuntu systemd[1]: Finished systemd-update-done.service - Update is Completed.
2025-03-25T15:28:17.548271+00:00 Cristineubuntu systemd[1]: Started plymouth-start.service - Show Plymouth Boot Screen.
2025-03-25T15:28:17.548275+00:00 Cristineubuntu systemd[1]: systemd-ask-password-console.path - Dispatch Password Requests to Console Directory Watch was skipped because of an unmet condition check (ConditionPathExists=!/run/plymouth/pid).
2025-03-25T15:28:17.548280+00:00 Cristineubuntu systemd[1]: Started systemd-ask-password-plymouth.path - Forward Password Requests to Plymouth Directory Watch.
2025-03-25T15:28:17.548285+00:00 Cristineubuntu systemd[1]: Reached target cryptsetup.target - Local Encrypted Volumes.
2025-03-25T15:28:17.548289+00:00 Cristineubuntu systemd[1]: Started systemd-timesyncd.service - Network Time Synchronization.
2025-03-25T15:28:17.548293+00:00 Cristineubuntu systemd[1]: Reached target time-set.target - System Time Set.
2025-03-25T15:28:17.548301+00:00 Cristineubuntu systemd-oomd[399]: No swap; memory pressure usage will be degraded
2025-03-25T15:28:17.548305+00:00 Cristineubuntu kernel: acpi PNP0A03:00: _OSC: not requesting control; platform does not support [PCIeCapability]
2025-03-25T15:28:17.548306+00:00 Cristineubuntu kernel: acpi PNP0A03:00: _OSC: OS requested [PCIeHotplug SHPCHotplug PME AER PCIeCapability LTR DPC]
2025-03-25T15:28:17.548306+00:00 Cristineubuntu kernel: acpi PNP0A03:00: _OSC: platform willing to grant [PCIeHotplug SHPCHotplug PME AER]
2025-03-25T15:28:17.548307+00:00 Cristineubuntu kernel: acpi PNP0A03:00: _OSC: platform retains control of PCIe features (AE_SUPPORT)
2025-03-25T15:28:17.548306+00:00 Cristineubuntu systemd[1]: Started systemd-oomd.service - Userspace Out-Of-Memory (OOM) Killer.
2025-03-25T15:28:17.548308+00:00 Cristineubuntu kernel: PCI host bridge to bus 0000:00
2025-03-25T15:28:17.548309+00:00 Cristineubuntu kernel: pci_bus 0000:00: root bus resource [io  0x0000-0x0cf7 window]
2025-03-25T15:28:17.548310+00:00 Cristineubuntu systemd-resolved[406]: Positive Trust Anchors:
2025-03-25T15:28:17.548315+00:00 Cristineubuntu kernel: pci_bus 0000:00: root bus resource [io  0x0d00-0xffff window]
2025-03-25T15:28:17.548316+00:00 Cristineubuntu kernel: pci_bus 0000:00: root bus resource [mem 0x000a0000-0x000bffff window]
2025-03-25T15:28:17.548316+00:00 Cristineubuntu kernel: pci_bus 0000:00: root bus resource [mem 0xe0000000-0xfdffffff window]
2025-03-25T15:28:17.548317+00:00 Cristineubuntu kernel: pci_bus 0000:00: root bus resource [bus 00-ff]
2025-03-25T15:28:17.548315+00:00 Cristineubuntu systemd-resolved[406]: . IN DS 20326 8 2 e06d44b80b8f1d39a95c0b0d7c65d08458e880409bbc683457104237c7f8ec8d
2025-03-25T15:28:17.548317+00:00 Cristineubuntu kernel: pci 0000:00:00.0: [8086:1237] type 00 class 0x060000 conventional PCI endpoint
2025-03-25T15:28:17.548318+00:00 Cristineubuntu kernel: pci 0000:00:01.0: [8086:7000] type 00 class 0x060100 conventional PCI endpoint
2025-03-25T15:28:17.548323+00:00 Cristineubuntu kernel: pci 0000:00:01.1: [8086:7111] type 00 class 0x01018a conventional PCI endpoint
2025-03-25T15:28:17.548324+00:00 Cristineubuntu kernel: pci 0000:00:01.1: BAR 4 [io  0xd000-0xd00f]
2025-03-25T15:28:17.548325+00:00 Cristineubuntu kernel: pci 0000:00:01.1: BAR 0 [io  0x01f0-0x01f7]: legacy IDE quirk
2025-03-25T15:28:17.548325+00:00 Cristineubuntu kernel: pci 0000:00:01.1: BAR 1 [io  0x03f6]: legacy IDE quirk
2025-03-25T15:28:17.548320+00:00 Cristineubuntu systemd-resolved[406]: Negative trust anchors: home.arpa 10.in-addr.arpa 16.172.in-addr.arpa 17.172.in-addr.arpa 18.172.in-addr.arpa 19.172.in-addr.arpa 20.172.in-addr.arpa 21.172.in-addr.arpa 22.172.in-addr.arpa 23.172.in-addr.arpa 24.172.in-addr.arpa 25.172.in-addr.arpa 26.172.in-addr.arpa 27.172.in-addr.arpa 28.172.in-addr.arpa 29.172.in-addr.arpa 30.172.in-addr.arpa 31.172.in-addr.arpa 170.0.0.192.in-addr.arpa 171.0.0.192.in-addr.arpa 168.192.in-addr.arpa d.f.ip6.arpa ipv4only.arpa corp home internal intranet lan local private test
2025-03-25T15:28:17.548326+00:00 Cristineubuntu kernel: pci 0000:00:01.1: BAR 2 [io  0x0170-0x0177]: legacy IDE quirk
2025-03-25T15:28:17.548327+00:00 Cristineubuntu kernel: pci 0000:00:01.1: BAR 3 [io  0x0376]: legacy IDE quirk
2025-03-25T15:28:17.548329+00:00 Cristineubuntu systemd-resolved[406]: Using system hostname 'Cristineubuntu'.
2025-03-25T15:28:17.548333+00:00 Cristineubuntu kernel: pci 0000:00:02.0: [15ad:0405] type 00 class 0x030000 conventional PCI endpoint
2025-03-25T15:28:17.548333+00:00 Cristineubuntu kernel: pci 0000:00:02.0: BAR 0 [io  0xd010-0xd01f]
2025-03-25T15:28:17.548334+00:00 Cristineubuntu kernel: pci 0000:00:02.0: BAR 1 [mem 0xe0000000-0xe0ffffff pref]
2025-03-25T15:28:17.548334+00:00 Cristineubuntu kernel: pci 0000:00:02.0: BAR 2 [mem 0xf0000000-0xf01fffff]
2025-03-25T15:28:17.548335+00:00 Cristineubuntu kernel: pci 0000:00:02.0: Video device with shadowed ROM at [mem 0x000c0000-0x000dffff]
2025-03-25T15:28:17.548335+00:00 Cristineubuntu kernel: pci 0000:00:03.0: [8086:100e] type 00 class 0x020000 conventional PCI endpoint
2025-03-25T15:28:17.548336+00:00 Cristineubuntu kernel: pci 0000:00:03.0: BAR 0 [mem 0xf0200000-0xf021ffff]
2025-03-25T15:28:17.548335+00:00 Cristineubuntu systemd[1]: Started systemd-resolved.service - Network Name Resolution.
2025-03-25T15:28:17.548341+00:00 Cristineubuntu kernel: pci 0000:00:03.0: BAR 2 [io  0xd020-0xd027]
2025-03-25T15:28:17.548342+00:00 Cristineubuntu kernel: pci 0000:00:04.0: [80ee:cafe] type 00 class 0x088000 conventional PCI endpoint
2025-03-25T15:28:17.548340+00:00 Cristineubuntu systemd[1]: Reached target nss-lookup.target - Host and Network Name Lookups.
2025-03-25T15:28:17.548343+00:00 Cristineubuntu kernel: pci 0000:00:04.0: BAR 0 [io  0xd040-0xd05f]
2025-03-25T15:28:17.548343+00:00 Cristineubuntu kernel: pci 0000:00:04.0: BAR 1 [mem 0xf0400000-0xf07fffff]
2025-03-25T15:28:17.548344+00:00 Cristineubuntu kernel: pci 0000:00:04.0: BAR 2 [mem 0xf0800000-0xf0803fff pref]
2025-03-25T15:28:17.548344+00:00 Cristineubuntu kernel: pci 0000:00:05.0: [8086:2415] type 00 class 0x040100 conventional PCI endpoint
2025-03-25T15:28:17.548345+00:00 Cristineubuntu (udev-worker)[433]: sda: Process '/usr/bin/unshare -m /usr/bin/snap auto-import --mount=/dev/sda' failed with exit code 1.
2025-03-25T15:28:17.548350+00:00 Cristineubuntu kernel: pci 0000:00:05.0: BAR 0 [io  0xd100-0xd1ff]
2025-03-25T15:28:17.548351+00:00 Cristineubuntu kernel: pci 0000:00:05.0: BAR 1 [io  0xd200-0xd23f]
2025-03-25T15:28:17.548351+00:00 Cristineubuntu kernel: pci 0000:00:06.0: [106b:003f] type 00 class 0x0c0310 conventional PCI endpoint
2025-03-25T15:28:17.548352+00:00 Cristineubuntu kernel: pci 0000:00:06.0: BAR 0 [mem 0xf0804000-0xf0804fff]
2025-03-25T15:28:17.548352+00:00 Cristineubuntu kernel: pci 0000:00:07.0: [8086:7113] type 00 class 0x068000 conventional PCI endpoint
2025-03-25T15:28:17.548353+00:00 Cristineubuntu kernel: pci 0000:00:07.0: quirk: [io  0x4000-0x403f] claimed by PIIX4 ACPI
2025-03-25T15:28:17.548350+00:00 Cristineubuntu mtp-probe: checking bus 2, device 2: "/sys/devices/pci0000:00/0000:00:06.0/usb2/2-1"
2025-03-25T15:28:17.548353+00:00 Cristineubuntu kernel: pci 0000:00:07.0: quirk: [io  0x4100-0x410f] claimed by PIIX4 SMB
2025-03-25T15:28:17.548359+00:00 Cristineubuntu kernel: pci 0000:00:0b.0: [8086:265c] type 00 class 0x0c0320 conventional PCI endpoint
2025-03-25T15:28:17.548360+00:00 Cristineubuntu kernel: pci 0000:00:0b.0: BAR 0 [mem 0xf0805000-0xf0805fff]
2025-03-25T15:28:17.548360+00:00 Cristineubuntu kernel: pci 0000:00:0d.0: [8086:2829] type 00 class 0x010601 conventional PCI endpoint
2025-03-25T15:28:17.548361+00:00 Cristineubuntu kernel: pci 0000:00:0d.0: BAR 0 [io  0xd240-0xd247]
2025-03-25T15:28:17.548361+00:00 Cristineubuntu kernel: pci 0000:00:0d.0: BAR 1 [io  0xd248-0xd24b]
2025-03-25T15:28:17.548362+00:00 Cristineubuntu kernel: pci 0000:00:0d.0: BAR 2 [io  0xd250-0xd257]
2025-03-25T15:28:17.548356+00:00 Cristineubuntu mtp-probe: bus: 2, device: 2 was not an MTP device
2025-03-25T15:28:17.548367+00:00 Cristineubuntu kernel: pci 0000:00:0d.0: BAR 3 [io  0xd258-0xd25b]
2025-03-25T15:28:17.548365+00:00 Cristineubuntu (udev-worker)[433]: sda1: Process '/usr/bin/unshare -m /usr/bin/snap auto-import --mount=/dev/sda1' failed with exit code 1.
2025-03-25T15:28:17.548368+00:00 Cristineubuntu kernel: pci 0000:00:0d.0: BAR 4 [io  0xd260-0xd26f]
2025-03-25T15:28:17.548369+00:00 Cristineubuntu kernel: pci 0000:00:0d.0: BAR 5 [mem 0xf0806000-0xf0807fff]
2025-03-25T15:28:17.548369+00:00 Cristineubuntu kernel: ACPI: PCI: Interrupt link LNKA configured for IRQ 11
2025-03-25T15:28:17.548370+00:00 Cristineubuntu kernel: ACPI: PCI: Interrupt link LNKB configured for IRQ 10
2025-03-25T15:28:17.548370+00:00 Cristineubuntu kernel: ACPI: PCI: Interrupt link LNKC configured for IRQ 9
2025-03-25T15:28:17.548371+00:00 Cristineubuntu (udev-worker)[478]: sda2: Process '/usr/bin/unshare -m /usr/bin/snap auto-import --mount=/dev/sda2' failed with exit code 1.
2025-03-25T15:28:17.548376+00:00 Cristineubuntu kernel: ACPI: PCI: Interrupt link LNKD configured for IRQ 11
2025-03-25T15:28:17.548377+00:00 Cristineubuntu kernel: iommu: Default domain type: Translated
2025-03-25T15:28:17.548377+00:00 Cristineubuntu kernel: iommu: DMA domain TLB invalidation policy: lazy mode
2025-03-25T15:28:17.548378+00:00 Cristineubuntu kernel: SCSI subsystem initialized
2025-03-25T15:28:17.548378+00:00 Cristineubuntu kernel: libata version 3.00 loaded.
2025-03-25T15:28:17.548379+00:00 Cristineubuntu kernel: ACPI: bus type USB registered
2025-03-25T15:28:17.548379+00:00 Cristineubuntu kernel: usbcore: registered new interface driver usbfs
2025-03-25T15:28:17.548377+00:00 Cristineubuntu cloud-init[543]: Cloud-init v. 24.4-0ubuntu1~24.04.2 running 'init-local' at Tue, 25 Mar 2025 15:28:11 +0000. Up 5.69 seconds.
2025-03-25T15:28:17.548385+00:00 Cristineubuntu kernel: usbcore: registered new interface driver hub
2025-03-25T15:28:17.548385+00:00 Cristineubuntu kernel: usbcore: registered new device driver usb
2025-03-25T15:28:17.548386+00:00 Cristineubuntu kernel: pps_core: LinuxPPS API ver. 1 registered
2025-03-25T15:28:17.548387+00:00 Cristineubuntu kernel: pps_core: Software ver. 5.3.6 - Copyright 2005-2007 Rodolfo Giometti <giometti@linux.it>
2025-03-25T15:28:17.548384+00:00 Cristineubuntu (udev-worker)[447]: sr0: Process '/usr/bin/unshare -m /usr/bin/snap auto-import --mount=/dev/sr0' failed with exit code 1.
2025-03-25T15:28:17.548387+00:00 Cristineubuntu kernel: PTP clock support registered
2025-03-25T15:28:17.548388+00:00 Cristineubuntu kernel: EDAC MC: Ver: 3.0.0
2025-03-25T15:28:17.548390+00:00 Cristineubuntu systemd[1]: Listening on systemd-rfkill.socket - Load/Save RF Kill Switch Status /dev/rfkill Watch.
2025-03-25T15:28:17.548393+00:00 Cristineubuntu kernel: NetLabel: Initializing
2025-03-25T15:28:17.548394+00:00 Cristineubuntu kernel: NetLabel:  domain hash size = 128
2025-03-25T15:28:17.548395+00:00 Cristineubuntu kernel: NetLabel:  protocols = UNLABELED CIPSOv4 CALIPSO
2025-03-25T15:28:17.548395+00:00 Cristineubuntu kernel: NetLabel:  unlabeled traffic allowed by default
2025-03-25T15:28:17.548396+00:00 Cristineubuntu kernel: mctp: management component transport protocol core
2025-03-25T15:28:17.548396+00:00 Cristineubuntu kernel: NET: Registered PF_MCTP protocol family
2025-03-25T15:28:17.548397+00:00 Cristineubuntu kernel: PCI: Using ACPI for IRQ routing
2025-03-25T15:28:17.548395+00:00 Cristineubuntu apparmor.systemd[570]: Warning: found usr.sbin.sssd in /etc/apparmor.d/force-complain, forcing complain mode
2025-03-25T15:28:17.548402+00:00 Cristineubuntu kernel: PCI: pci_cache_line_size set to 64 bytes
2025-03-25T15:28:17.548403+00:00 Cristineubuntu kernel: e820: reserve RAM buffer [mem 0x0009fc00-0x0009ffff]
2025-03-25T15:28:17.548404+00:00 Cristineubuntu kernel: e820: reserve RAM buffer [mem 0xdfff0000-0xdfffffff]
2025-03-25T15:28:17.548404+00:00 Cristineubuntu kernel: pci 0000:00:02.0: vgaarb: setting as boot VGA device
2025-03-25T15:28:17.548405+00:00 Cristineubuntu kernel: pci 0000:00:02.0: vgaarb: bridge control possible
2025-03-25T15:28:17.548406+00:00 Cristineubuntu kernel: pci 0000:00:02.0: vgaarb: VGA device added: decodes=io+mem,owns=io+mem,locks=none
2025-03-25T15:28:17.548404+00:00 Cristineubuntu apparmor.systemd[570]: Warning from /etc/apparmor.d (/etc/apparmor.d/usr.sbin.sssd line 63): Caching disabled for: 'usr.sbin.sssd' due to force complain
2025-03-25T15:28:17.548412+00:00 Cristineubuntu kernel: vgaarb: loaded
2025-03-25T15:28:17.548410+00:00 Cristineubuntu systemd[1]: netplan-ovs-cleanup.service - OpenVSwitch configuration for cleanup was skipped because of an unmet condition check (ConditionFileIsExecutable=/usr/bin/ovs-vsctl).
2025-03-25T15:28:17.548412+00:00 Cristineubuntu kernel: clocksource: Switched to clocksource kvm-clock
2025-03-25T15:28:17.548413+00:00 Cristineubuntu kernel: VFS: Disk quotas dquot_6.6.0
2025-03-25T15:28:17.548414+00:00 Cristineubuntu kernel: VFS: Dquot-cache hash table entries: 512 (order 0, 4096 bytes)
2025-03-25T15:28:17.548414+00:00 Cristineubuntu kernel: AppArmor: AppArmor Filesystem Enabled
2025-03-25T15:28:17.548415+00:00 Cristineubuntu kernel: pnp: PnP ACPI init
2025-03-25T15:28:17.548415+00:00 Cristineubuntu systemd[1]: Reloading requested from client PID 671 ('systemctl') (unit cloud-init-local.service)...
2025-03-25T15:28:17.548420+00:00 Cristineubuntu kernel: pnp: PnP ACPI: found 2 devices
2025-03-25T15:28:17.548421+00:00 Cristineubuntu kernel: clocksource: acpi_pm: mask: 0xffffff max_cycles: 0xffffff, max_idle_ns: 2085701024 ns
2025-03-25T15:28:17.548421+00:00 Cristineubuntu kernel: NET: Registered PF_INET protocol family
2025-03-25T15:28:17.548422+00:00 Cristineubuntu kernel: IP idents hash table entries: 131072 (order: 8, 1048576 bytes, linear)
2025-03-25T15:28:17.548420+00:00 Cristineubuntu systemd[1]: Reloading...
2025-03-25T15:28:17.548423+00:00 Cristineubuntu kernel: tcp_listen_portaddr_hash hash table entries: 4096 (order: 4, 65536 bytes, linear)
2025-03-25T15:28:17.548423+00:00 Cristineubuntu kernel: Table-perturb hash table entries: 65536 (order: 6, 262144 bytes, linear)
2025-03-25T15:28:17.548424+00:00 Cristineubuntu kernel: TCP established hash table entries: 65536 (order: 7, 524288 bytes, linear)
2025-03-25T15:28:17.548430+00:00 Cristineubuntu kernel: TCP bind hash table entries: 65536 (order: 9, 2097152 bytes, linear)
2025-03-25T15:28:17.548430+00:00 Cristineubuntu kernel: TCP: Hash tables configured (established 65536 bind 65536)
2025-03-25T15:28:17.548425+00:00 Cristineubuntu (udev-worker)[809]: controlC0: Process '/usr/sbin/alsactl -E HOME=/run/alsa -E XDG_RUNTIME_DIR=/run/alsa/runtime restore 0' failed with exit code 99.
2025-03-25T15:28:17.548431+00:00 Cristineubuntu kernel: MPTCP token hash table entries: 8192 (order: 5, 196608 bytes, linear)
2025-03-25T15:28:17.548431+00:00 Cristineubuntu kernel: UDP hash table entries: 4096 (order: 5, 131072 bytes, linear)
2025-03-25T15:28:17.548432+00:00 Cristineubuntu kernel: UDP-Lite hash table entries: 4096 (order: 5, 131072 bytes, linear)
2025-03-25T15:28:17.548433+00:00 Cristineubuntu kernel: NET: Registered PF_UNIX/PF_LOCAL protocol family
2025-03-25T15:28:17.548434+00:00 Cristineubuntu systemd[1]: Reloading finished in 549 ms.
2025-03-25T15:28:17.548438+00:00 Cristineubuntu kernel: NET: Registered PF_XDP protocol family
2025-03-25T15:28:17.548439+00:00 Cristineubuntu kernel: pci_bus 0000:00: resource 4 [io  0x0000-0x0cf7 window]
2025-03-25T15:28:17.548440+00:00 Cristineubuntu kernel: pci_bus 0000:00: resource 5 [io  0x0d00-0xffff window]
2025-03-25T15:28:17.548440+00:00 Cristineubuntu kernel: pci_bus 0000:00: resource 6 [mem 0x000a0000-0x000bffff window]
2025-03-25T15:28:17.548441+00:00 Cristineubuntu kernel: pci_bus 0000:00: resource 7 [mem 0xe0000000-0xfdffffff window]
2025-03-25T15:28:17.548438+00:00 Cristineubuntu systemd[1]: systemd-ask-password-console.path - Dispatch Password Requests to Console Directory Watch was skipped because of an unmet condition check (ConditionPathExists=!/run/plymouth/pid).
2025-03-25T15:28:17.548441+00:00 Cristineubuntu kernel: pci 0000:00:00.0: Limiting direct PCI/PCI transfers
2025-03-25T15:28:17.548442+00:00 Cristineubuntu kernel: PCI: CLS 0 bytes, default 64
2025-03-25T15:28:17.548444+00:00 Cristineubuntu systemd[1]: Starting modprobe@dm_mod.service - Load Kernel Module dm_mod...
2025-03-25T15:28:17.548447+00:00 Cristineubuntu kernel: PCI-DMA: Using software bounce buffering for IO (SWIOTLB)
2025-03-25T15:28:17.548448+00:00 Cristineubuntu kernel: software IO TLB: mapped [mem 0x00000000dbff0000-0x00000000dfff0000] (64MB)
2025-03-25T15:28:17.548449+00:00 Cristineubuntu kernel: clocksource: tsc: mask: 0xffffffffffffffff max_cycles: 0x2f7a7e5958f, max_idle_ns: 440795349294 ns
2025-03-25T15:28:17.548449+00:00 Cristineubuntu kernel: clocksource: Switched to clocksource tsc
2025-03-25T15:28:17.548450+00:00 Cristineubuntu kernel: Trying to unpack rootfs image as initramfs...
2025-03-25T15:28:17.548450+00:00 Cristineubuntu kernel: platform rtc_cmos: registered platform RTC device (no PNP device found)
2025-03-25T15:28:17.548450+00:00 Cristineubuntu systemd[1]: Starting modprobe@efi_pstore.service - Load Kernel Module efi_pstore...
2025-03-25T15:28:17.548456+00:00 Cristineubuntu kernel: Initialise system trusted keyrings
2025-03-25T15:28:17.548457+00:00 Cristineubuntu kernel: Key type blacklist registered
2025-03-25T15:28:17.548455+00:00 Cristineubuntu systemd[1]: Starting modprobe@loop.service - Load Kernel Module loop...
2025-03-25T15:28:17.548463+00:00 Cristineubuntu systemd[1]: systemd-firstboot.service - First Boot Wizard was skipped because of an unmet condition check (ConditionFirstBoot=yes).
2025-03-25T15:28:17.548468+00:00 Cristineubuntu systemd[1]: first-boot-complete.target - First Boot Complete was skipped because of an unmet condition check (ConditionFirstBoot=yes).
2025-03-25T15:28:17.548472+00:00 Cristineubuntu systemd[1]: systemd-hwdb-update.service - Rebuild Hardware Database was skipped because of an unmet condition check (ConditionNeedsUpdate=/etc).
2025-03-25T15:28:17.548477+00:00 Cristineubuntu systemd[1]: systemd-machine-id-commit.service - Commit a transient machine-id on disk was skipped because of an unmet condition check (ConditionPathIsMountPoint=/etc/machine-id).
2025-03-25T15:28:17.548482+00:00 Cristineubuntu systemd[1]: systemd-pcrmachine.service - TPM2 PCR Machine ID Measurement was skipped because of an unmet condition check (ConditionSecurity=measured-uki).
2025-03-25T15:28:17.548489+00:00 Cristineubuntu systemd[1]: systemd-tpm2-setup-early.service - TPM2 SRK Setup (Early) was skipped because of an unmet condition check (ConditionSecurity=measured-uki).
2025-03-25T15:28:17.548493+00:00 Cristineubuntu systemd[1]: systemd-tpm2-setup.service - TPM2 SRK Setup was skipped because of an unmet condition check (ConditionSecurity=measured-uki).
2025-03-25T15:28:17.548498+00:00 Cristineubuntu systemd[1]: modprobe@dm_mod.service: Deactivated successfully.
2025-03-25T15:28:17.548502+00:00 Cristineubuntu systemd[1]: Finished modprobe@dm_mod.service - Load Kernel Module dm_mod.
2025-03-25T15:28:17.548507+00:00 Cristineubuntu systemd[1]: modprobe@efi_pstore.service: Deactivated successfully.
2025-03-25T15:28:17.548511+00:00 Cristineubuntu systemd[1]: Finished modprobe@efi_pstore.service - Load Kernel Module efi_pstore.
2025-03-25T15:28:17.548518+00:00 Cristineubuntu systemd[1]: systemd-pstore.service - Platform Persistent Storage Archival was skipped because of an unmet condition check (ConditionDirectoryNotEmpty=/sys/fs/pstore).
2025-03-25T15:28:17.548523+00:00 Cristineubuntu systemd[1]: modprobe@loop.service: Deactivated successfully.
2025-03-25T15:28:17.548527+00:00 Cristineubuntu systemd[1]: Finished modprobe@loop.service - Load Kernel Module loop.
2025-03-25T15:28:17.548532+00:00 Cristineubuntu systemd[1]: systemd-repart.service - Repartition Root Disk was skipped because no trigger condition checks were met.
2025-03-25T15:28:17.548536+00:00 Cristineubuntu systemd[1]: Finished cloud-init-local.service - Cloud-init: Local Stage (pre-network).
2025-03-25T15:28:17.548541+00:00 Cristineubuntu systemd[1]: Reached target network-pre.target - Preparation for Network.
2025-03-25T15:28:17.548549+00:00 Cristineubuntu kernel: workingset: timestamp_bits=36 max_order=21 bucket_order=0
2025-03-25T15:28:17.548548+00:00 Cristineubuntu systemd[1]: Finished apparmor.service - Load AppArmor profiles.
2025-03-25T15:28:17.548550+00:00 Cristineubuntu kernel: zbud: loaded
2025-03-25T15:28:17.548551+00:00 Cristineubuntu kernel: squashfs: version 4.0 (2009/01/31) Phillip Lougher
2025-03-25T15:28:17.548551+00:00 Cristineubuntu kernel: fuse: init (API version 7.40)
2025-03-25T15:28:17.548553+00:00 Cristineubuntu systemd[1]: Starting snapd.apparmor.service - Load AppArmor profiles managed internally by snapd...
2025-03-25T15:28:17.548557+00:00 Cristineubuntu kernel: integrity: Platform Keyring initialized
2025-03-25T15:28:17.548558+00:00 Cristineubuntu kernel: integrity: Machine keyring initialized
2025-03-25T15:28:17.548558+00:00 Cristineubuntu kernel: Key type asymmetric registered
2025-03-25T15:28:17.548559+00:00 Cristineubuntu kernel: Asymmetric key parser 'x509' registered
2025-03-25T15:28:17.548560+00:00 Cristineubuntu kernel: Block layer SCSI generic (bsg) driver version 0.4 loaded (major 243)
2025-03-25T15:28:17.548560+00:00 Cristineubuntu kernel: io scheduler mq-deadline registered
2025-03-25T15:28:17.548561+00:00 Cristineubuntu kernel: shpchp: Standard Hot Plug PCI Controller Driver version: 0.4
2025-03-25T15:28:17.548561+00:00 Cristineubuntu snapd-apparmor[871]: main.go:146: Loading profiles [/var/lib/snapd/apparmor/profiles/snap-confine.snapd.23545 /var/lib/snapd/apparmor/profiles/snap-update-ns.firefox /var/lib/snapd/apparmor/profiles/snap-update-ns.firmware-updater /var/lib/snapd/apparmor/profiles/snap-update-ns.snap-store /var/lib/snapd/apparmor/profiles/snap-update-ns.snapd-desktop-integration /var/lib/snapd/apparmor/profiles/snap.firefox.firefox /var/lib/snapd/apparmor/profiles/snap.firefox.geckodriver /var/lib/snapd/apparmor/profiles/snap.firefox.hook.configure /var/lib/snapd/apparmor/profiles/snap.firefox.hook.disconnect-plug-host-hunspell /var/lib/snapd/apparmor/profiles/snap.firefox.hook.install /var/lib/snapd/apparmor/profiles/snap.firefox.hook.post-refresh /var/lib/snapd/apparmor/profiles/snap.firmware-updater.firmware-notifier /var/lib/snapd/apparmor/profiles/snap.firmware-updater.firmware-updater /var/lib/snapd/apparmor/profiles/snap.firmware-updater.firmware-updater-app /var/lib/snapd/apparmor/profiles/snap.firmware-updater.hook.configure /var/lib/snapd/apparmor/profiles/snap.snap-store.hook.configure /var/lib/snapd/apparmor/profiles/snap.snap-store.show-updates /var/lib/snapd/apparmor/profiles/snap.snap-store.snap-store /var/lib/snapd/apparmor/profiles/snap.snapd-desktop-integration.hook.configure /var/lib/snapd/apparmor/profiles/snap.snapd-desktop-integration.snapd-desktop-integration]
2025-03-25T15:28:17.548566+00:00 Cristineubuntu kernel: ACPI: AC: AC Adapter [AC] (off-line)
2025-03-25T15:28:17.548567+00:00 Cristineubuntu kernel: input: Power Button as /devices/LNXSYSTM:00/LNXPWRBN:00/input/input0
2025-03-25T15:28:17.548567+00:00 Cristineubuntu kernel: ACPI: button: Power Button [PWRF]
2025-03-25T15:28:17.548568+00:00 Cristineubuntu kernel: input: Sleep Button as /devices/LNXSYSTM:00/LNXSLPBN:00/input/input1
2025-03-25T15:28:17.548569+00:00 Cristineubuntu kernel: ACPI: button: Sleep Button [SLPF]
2025-03-25T15:28:17.548569+00:00 Cristineubuntu kernel: Serial: 8250/16550 driver, 32 ports, IRQ sharing enabled
2025-03-25T15:28:17.548568+00:00 Cristineubuntu systemd[1]: Finished snapd.apparmor.service - Load AppArmor profiles managed internally by snapd.
2025-03-25T15:28:17.548574+00:00 Cristineubuntu kernel: ACPI: battery: Slot [BAT0] (battery present)
2025-03-25T15:28:17.548575+00:00 Cristineubuntu kernel: Linux agpgart interface v0.103
2025-03-25T15:28:17.548576+00:00 Cristineubuntu kernel: loop: module loaded
2025-03-25T15:28:17.548576+00:00 Cristineubuntu kernel: ata_piix 0000:00:01.1: version 2.13
2025-03-25T15:28:17.548577+00:00 Cristineubuntu kernel: scsi host0: ata_piix
2025-03-25T15:28:17.548577+00:00 Cristineubuntu kernel: scsi host1: ata_piix
2025-03-25T15:28:17.548578+00:00 Cristineubuntu kernel: ata1: PATA max UDMA/33 cmd 0x1f0 ctl 0x3f6 bmdma 0xd000 irq 14 lpm-pol 0
2025-03-25T15:28:17.548576+00:00 Cristineubuntu systemd[1]: Reached target sysinit.target - System Initialization.
2025-03-25T15:28:17.548581+00:00 Cristineubuntu systemd[1]: apport-autoreport.path - Process error reports when automatic reporting is enabled (file watch) was skipped because of an unmet condition check (ConditionPathExists=/var/lib/apport/autoreport).
2025-03-25T15:28:17.548583+00:00 Cristineubuntu kernel: ata2: PATA max UDMA/33 cmd 0x170 ctl 0x376 bmdma 0xd008 irq 15 lpm-pol 0
2025-03-25T15:28:17.548585+00:00 Cristineubuntu kernel: ACPI: bus type drm_connector registered
2025-03-25T15:28:17.548586+00:00 Cristineubuntu kernel: tun: Universal TUN/TAP device driver, 1.6
2025-03-25T15:28:17.548586+00:00 Cristineubuntu kernel: PPP generic driver version 2.4.2
2025-03-25T15:28:17.548587+00:00 Cristineubuntu kernel: ehci-pci 0000:00:0b.0: EHCI Host Controller
2025-03-25T15:28:17.548587+00:00 Cristineubuntu kernel: ehci-pci 0000:00:0b.0: new USB bus registered, assigned bus number 1
2025-03-25T15:28:17.548587+00:00 Cristineubuntu systemd[1]: Started cups.path - CUPS Scheduler.
2025-03-25T15:28:17.548593+00:00 Cristineubuntu systemd[1]: tpm-udev.path - Handle dynamically added tpm devices was skipped because of an unmet condition check (ConditionVirtualization=container).
2025-03-25T15:28:17.548597+00:00 Cristineubuntu kernel: ehci-pci 0000:00:0b.0: irq 19, io mem 0xf0805000
2025-03-25T15:28:17.548598+00:00 Cristineubuntu kernel: ehci-pci 0000:00:0b.0: USB 2.0 started, EHCI 1.00
2025-03-25T15:28:17.548599+00:00 Cristineubuntu kernel: usb usb1: New USB device found, idVendor=1d6b, idProduct=0002, bcdDevice= 6.11
2025-03-25T15:28:17.548599+00:00 Cristineubuntu kernel: usb usb1: New USB device strings: Mfr=3, Product=2, SerialNumber=1
2025-03-25T15:28:17.548600+00:00 Cristineubuntu kernel: usb usb1: Product: EHCI Host Controller
2025-03-25T15:28:17.548600+00:00 Cristineubuntu kernel: usb usb1: Manufacturer: Linux 6.11.0-19-generic ehci_hcd
2025-03-25T15:28:17.548598+00:00 Cristineubuntu systemd[1]: Started whoopsie.path - Start whoopsie on modification of the /var/crash directory.
2025-03-25T15:28:17.548606+00:00 Cristineubuntu kernel: usb usb1: SerialNumber: 0000:00:0b.0
2025-03-25T15:28:17.548607+00:00 Cristineubuntu kernel: hub 1-0:1.0: USB hub found
2025-03-25T15:28:17.548607+00:00 Cristineubuntu kernel: hub 1-0:1.0: 12 ports detected
2025-03-25T15:28:17.548608+00:00 Cristineubuntu kernel: ohci-pci 0000:00:06.0: OHCI PCI host controller
2025-03-25T15:28:17.548606+00:00 Cristineubuntu systemd[1]: Started anacron.timer - Trigger anacron every hour.
2025-03-25T15:28:17.548608+00:00 Cristineubuntu kernel: ohci-pci 0000:00:06.0: new USB bus registered, assigned bus number 2
2025-03-25T15:28:17.548609+00:00 Cristineubuntu kernel: ohci-pci 0000:00:06.0: irq 22, io mem 0xf0804000
2025-03-25T15:28:17.548609+00:00 Cristineubuntu kernel: usb usb2: New USB device found, idVendor=1d6b, idProduct=0001, bcdDevice= 6.11
2025-03-25T15:28:17.548611+00:00 Cristineubuntu systemd[1]: apport-autoreport.timer - Process error reports when automatic reporting is enabled (timer based) was skipped because of an unmet condition check (ConditionPathExists=/var/lib/apport/autoreport).
2025-03-25T15:28:17.548615+00:00 Cristineubuntu kernel: usb usb2: New USB device strings: Mfr=3, Product=2, SerialNumber=1
2025-03-25T15:28:17.548616+00:00 Cristineubuntu kernel: usb usb2: Product: OHCI PCI host controller
2025-03-25T15:28:17.548616+00:00 Cristineubuntu kernel: usb usb2: Manufacturer: Linux 6.11.0-19-generic ohci_hcd
2025-03-25T15:28:17.548617+00:00 Cristineubuntu kernel: usb usb2: SerialNumber: 0000:00:06.0
2025-03-25T15:28:17.548637+00:00 Cristineubuntu kernel: hub 2-0:1.0: USB hub found
2025-03-25T15:28:17.548637+00:00 Cristineubuntu kernel: hub 2-0:1.0: 12 ports detected
2025-03-25T15:28:17.548643+00:00 Cristineubuntu kernel: i8042: PNP: PS/2 Controller [PNP0303:PS2K,PNP0f03:PS2M] at 0x60,0x64 irq 1,12
2025-03-25T15:28:17.548644+00:00 Cristineubuntu kernel: serio: i8042 KBD port at 0x60,0x64 irq 1
2025-03-25T15:28:17.548645+00:00 Cristineubuntu kernel: serio: i8042 AUX port at 0x60,0x64 irq 12
2025-03-25T15:28:17.548645+00:00 Cristineubuntu kernel: mousedev: PS/2 mouse device common for all mice
2025-03-25T15:28:17.548646+00:00 Cristineubuntu kernel: input: AT Translated Set 2 keyboard as /devices/platform/i8042/serio0/input/input2
2025-03-25T15:28:17.548646+00:00 Cristineubuntu kernel: rtc_cmos rtc_cmos: registered as rtc0
2025-03-25T15:28:17.548647+00:00 Cristineubuntu kernel: rtc_cmos rtc_cmos: setting system clock to 2025-03-25T15:28:06 UTC (1742916486)
2025-03-25T15:28:17.548653+00:00 Cristineubuntu kernel: rtc_cmos rtc_cmos: alarms up to one day, 114 bytes nvram
2025-03-25T15:28:17.548653+00:00 Cristineubuntu kernel: i2c_dev: i2c /dev entries driver
2025-03-25T15:28:17.548654+00:00 Cristineubuntu kernel: device-mapper: core: CONFIG_IMA_DISABLE_HTABLE is disabled. Duplicate IMA measurements will not be recorded in the IMA log.
2025-03-25T15:28:17.548655+00:00 Cristineubuntu kernel: device-mapper: uevent: version 1.0.3
2025-03-25T15:28:17.548655+00:00 Cristineubuntu kernel: device-mapper: ioctl: 4.48.0-ioctl (2023-03-01) initialised: dm-devel@lists.linux.dev
2025-03-25T15:28:17.548656+00:00 Cristineubuntu kernel: platform eisa.0: Probing EISA bus 0
2025-03-25T15:28:17.548661+00:00 Cristineubuntu kernel: platform eisa.0: EISA: Cannot allocate resource for mainboard
2025-03-25T15:28:17.548662+00:00 Cristineubuntu kernel: platform eisa.0: Cannot allocate resource for EISA slot 1
2025-03-25T15:28:17.548663+00:00 Cristineubuntu kernel: platform eisa.0: Cannot allocate resource for EISA slot 2
2025-03-25T15:28:17.548663+00:00 Cristineubuntu kernel: platform eisa.0: Cannot allocate resource for EISA slot 3
2025-03-25T15:28:17.548664+00:00 Cristineubuntu kernel: platform eisa.0: Cannot allocate resource for EISA slot 4
2025-03-25T15:28:17.548664+00:00 Cristineubuntu kernel: platform eisa.0: Cannot allocate resource for EISA slot 5
2025-03-25T15:28:17.548670+00:00 Cristineubuntu kernel: platform eisa.0: Cannot allocate resource for EISA slot 6
2025-03-25T15:28:17.548671+00:00 Cristineubuntu kernel: platform eisa.0: Cannot allocate resource for EISA slot 7
2025-03-25T15:28:17.548672+00:00 Cristineubuntu kernel: platform eisa.0: Cannot allocate resource for EISA slot 8
2025-03-25T15:28:17.548672+00:00 Cristineubuntu kernel: platform eisa.0: EISA: Detected 0 cards
2025-03-25T15:28:17.548673+00:00 Cristineubuntu kernel: amd_pstate: The CPPC feature is supported but currently disabled by the BIOS.
2025-03-25T15:28:17.548673+00:00 Cristineubuntu kernel: Please enable it if your BIOS has the CPPC option.
2025-03-25T15:28:17.548674+00:00 Cristineubuntu kernel: amd_pstate: the _CPC object is not present in SBIOS or ACPI disabled
2025-03-25T15:28:17.548680+00:00 Cristineubuntu kernel: ledtrig-cpu: registered to indicate activity on CPUs
2025-03-25T15:28:17.548681+00:00 Cristineubuntu kernel: drop_monitor: Initializing network drop monitor service
2025-03-25T15:28:17.548681+00:00 Cristineubuntu kernel: NET: Registered PF_INET6 protocol family
2025-03-25T15:28:17.548682+00:00 Cristineubuntu kernel: Freeing initrd memory: 66784K
2025-03-25T15:28:17.548682+00:00 Cristineubuntu kernel: Segment Routing with IPv6
2025-03-25T15:28:17.548683+00:00 Cristineubuntu kernel: In-situ OAM (IOAM) with IPv6
2025-03-25T15:28:17.548689+00:00 Cristineubuntu kernel: NET: Registered PF_PACKET protocol family
2025-03-25T15:28:17.548689+00:00 Cristineubuntu kernel: Key type dns_resolver registered
2025-03-25T15:28:17.548690+00:00 Cristineubuntu kernel: IPI shorthand broadcast: enabled
2025-03-25T15:28:17.548691+00:00 Cristineubuntu kernel: sched_clock: Marking stable (580489491, 11845271)->(693374127, -101039365)
2025-03-25T15:28:17.548691+00:00 Cristineubuntu kernel: registered taskstats version 1
2025-03-25T15:28:17.548692+00:00 Cristineubuntu kernel: Loading compiled-in X.509 certificates
2025-03-25T15:28:17.548697+00:00 Cristineubuntu kernel: Loaded X.509 cert 'Build time autogenerated kernel key: 81facc2b0c2c6f4a0b463946bfa0b8ef0d12a9eb'
2025-03-25T15:28:17.548698+00:00 Cristineubuntu kernel: Loaded X.509 cert 'Canonical Ltd. Live Patch Signing: 14df34d1a87cf37625abec039ef2bf521249b969'
2025-03-25T15:28:17.548698+00:00 Cristineubuntu kernel: Loaded X.509 cert 'Canonical Ltd. Kernel Module Signing: 88f752e560a1e0737e31163a466ad7b70a850c19'
2025-03-25T15:28:17.548699+00:00 Cristineubuntu kernel: blacklist: Loading compiled-in revocation X.509 certificates
2025-03-25T15:28:17.548700+00:00 Cristineubuntu kernel: Loaded X.509 cert 'Canonical Ltd. Secure Boot Signing: 61482aa2830d0ab2ad5af10b7250da9033ddcef0'
2025-03-25T15:28:17.548700+00:00 Cristineubuntu kernel: Loaded X.509 cert 'Canonical Ltd. Secure Boot Signing (2017): 242ade75ac4a15e50d50c84b0d45ff3eae707a03'
2025-03-25T15:28:17.548701+00:00 Cristineubuntu kernel: Loaded X.509 cert 'Canonical Ltd. Secure Boot Signing (ESM 2018): 365188c1d374d6b07c3c8f240f8ef722433d6a8b'
2025-03-25T15:28:17.548707+00:00 Cristineubuntu kernel: Loaded X.509 cert 'Canonical Ltd. Secure Boot Signing (2019): c0746fd6c5da3ae827864651ad66ae47fe24b3e8'
2025-03-25T15:28:17.548708+00:00 Cristineubuntu kernel: Loaded X.509 cert 'Canonical Ltd. Secure Boot Signing (2021 v1): a8d54bbb3825cfb94fa13c9f8a594a195c107b8d'
2025-03-25T15:28:17.548708+00:00 Cristineubuntu kernel: Loaded X.509 cert 'Canonical Ltd. Secure Boot Signing (2021 v2): 4cf046892d6fd3c9a5b03f98d845f90851dc6a8c'
2025-03-25T15:28:17.548709+00:00 Cristineubuntu kernel: Loaded X.509 cert 'Canonical Ltd. Secure Boot Signing (2021 v3): 100437bb6de6e469b581e61cd66bce3ef4ed53af'
2025-03-25T15:28:17.548709+00:00 Cristineubuntu kernel: Loaded X.509 cert 'Canonical Ltd. Secure Boot Signing (Ubuntu Core 2019): c1d57b8f6b743f23ee41f4f7ee292f06eecadfb9'
2025-03-25T15:28:17.548715+00:00 Cristineubuntu kernel: Demotion targets for Node 0: null
2025-03-25T15:28:17.548716+00:00 Cristineubuntu kernel: Key type .fscrypt registered
2025-03-25T15:28:17.548717+00:00 Cristineubuntu kernel: Key type fscrypt-provisioning registered
2025-03-25T15:28:17.548717+00:00 Cristineubuntu kernel: Key type encrypted registered
2025-03-25T15:28:17.548718+00:00 Cristineubuntu kernel: AppArmor: AppArmor sha256 policy hashing enabled
2025-03-25T15:28:17.548718+00:00 Cristineubuntu kernel: ima: No TPM chip found, activating TPM-bypass!
2025-03-25T15:28:17.548724+00:00 Cristineubuntu kernel: Loading compiled-in module X.509 certificates
2025-03-25T15:28:17.548725+00:00 Cristineubuntu kernel: Loaded X.509 cert 'Build time autogenerated kernel key: 81facc2b0c2c6f4a0b463946bfa0b8ef0d12a9eb'
2025-03-25T15:28:17.548725+00:00 Cristineubuntu kernel: ima: Allocated hash algorithm: sha256
2025-03-25T15:28:17.548726+00:00 Cristineubuntu kernel: ima: No architecture policies found
2025-03-25T15:28:17.548726+00:00 Cristineubuntu kernel: evm: Initialising EVM extended attributes:
2025-03-25T15:28:17.548727+00:00 Cristineubuntu kernel: evm: security.selinux
2025-03-25T15:28:17.548727+00:00 Cristineubuntu kernel: evm: security.SMACK64
2025-03-25T15:28:17.548733+00:00 Cristineubuntu kernel: evm: security.SMACK64EXEC
2025-03-25T15:28:17.548822+00:00 Cristineubuntu kernel: evm: security.SMACK64TRANSMUTE
2025-03-25T15:28:17.548823+00:00 Cristineubuntu kernel: evm: security.SMACK64MMAP
2025-03-25T15:28:17.548824+00:00 Cristineubuntu kernel: evm: security.apparmor
2025-03-25T15:28:17.548825+00:00 Cristineubuntu kernel: evm: security.ima
2025-03-25T15:28:17.548825+00:00 Cristineubuntu kernel: evm: security.capability
2025-03-25T15:28:17.548831+00:00 Cristineubuntu kernel: evm: HMAC attrs: 0x1
2025-03-25T15:28:17.548832+00:00 Cristineubuntu kernel: PM:   Magic number: 1:378:488
2025-03-25T15:28:17.548833+00:00 Cristineubuntu kernel: regulator regulator.0: hash matches
2025-03-25T15:28:17.548833+00:00 Cristineubuntu kernel: RAS: Correctable Errors collector initialized.
2025-03-25T15:28:17.548834+00:00 Cristineubuntu kernel: clk: Disabling unused clocks
2025-03-25T15:28:17.548834+00:00 Cristineubuntu kernel: PM: genpd: Disabling unused power domains
2025-03-25T15:28:17.548840+00:00 Cristineubuntu kernel: ata2.00: ATAPI: VBOX CD-ROM, 1.0, max UDMA/133
2025-03-25T15:28:17.548841+00:00 Cristineubuntu kernel: scsi 1:0:0:0: CD-ROM            VBOX     CD-ROM           1.0  PQ: 0 ANSI: 5
2025-03-25T15:28:17.548841+00:00 Cristineubuntu kernel: sr 1:0:0:0: [sr0] scsi3-mmc drive: 32x/32x xa/form2 tray
2025-03-25T15:28:17.548842+00:00 Cristineubuntu kernel: cdrom: Uniform CD-ROM driver Revision: 3.20
2025-03-25T15:28:17.548842+00:00 Cristineubuntu kernel: sr 1:0:0:0: Attached scsi CD-ROM sr0
2025-03-25T15:28:17.548843+00:00 Cristineubuntu kernel: sr 1:0:0:0: Attached scsi generic sg0 type 5
2025-03-25T15:28:17.548844+00:00 Cristineubuntu kernel: Freeing unused decrypted memory: 2028K
2025-03-25T15:28:17.548849+00:00 Cristineubuntu kernel: Freeing unused kernel image (initmem) memory: 5096K
2025-03-25T15:28:17.548850+00:00 Cristineubuntu kernel: Write protecting the kernel read-only data: 38912k
2025-03-25T15:28:17.548851+00:00 Cristineubuntu kernel: Freeing unused kernel image (rodata/data gap) memory: 1508K
2025-03-25T15:28:17.548851+00:00 Cristineubuntu kernel: x86/mm: Checked W+X mappings: passed, no W+X pages found.
2025-03-25T15:28:17.548852+00:00 Cristineubuntu kernel: Run /init as init process
2025-03-25T15:28:17.548852+00:00 Cristineubuntu kernel:   with arguments:
2025-03-25T15:28:17.548858+00:00 Cristineubuntu kernel:     /init
2025-03-25T15:28:17.548859+00:00 Cristineubuntu kernel:     splash
2025-03-25T15:28:17.548860+00:00 Cristineubuntu kernel:   with environment:
2025-03-25T15:28:17.548860+00:00 Cristineubuntu kernel:     HOME=/
2025-03-25T15:28:17.548861+00:00 Cristineubuntu kernel:     TERM=linux
2025-03-25T15:28:17.548861+00:00 Cristineubuntu kernel:     BOOT_IMAGE=/boot/vmlinuz-6.11.0-19-generic
2025-03-25T15:28:17.548862+00:00 Cristineubuntu kernel: usb 2-1: new full-speed USB device number 2 using ohci-pci
2025-03-25T15:28:17.548868+00:00 Cristineubuntu kernel: ACPI: video: Video Device [GFX0] (multi-head: yes  rom: no  post: no)
2025-03-25T15:28:17.548869+00:00 Cristineubuntu kernel: input: Video Bus as /devices/LNXSYSTM:00/LNXSYBUS:00/PNP0A03:00/LNXVIDEO:00/input/input4
2025-03-25T15:28:17.548869+00:00 Cristineubuntu kernel: e1000: Intel(R) PRO/1000 Network Driver
2025-03-25T15:28:17.548870+00:00 Cristineubuntu kernel: e1000: Copyright (c) 1999-2006 Intel Corporation.
2025-03-25T15:28:17.548870+00:00 Cristineubuntu kernel: input: ImExPS/2 Generic Explorer Mouse as /devices/platform/i8042/serio1/input/input5
2025-03-25T15:28:17.548871+00:00 Cristineubuntu kernel: ahci 0000:00:0d.0: version 3.0
2025-03-25T15:28:17.548877+00:00 Cristineubuntu kernel: ahci 0000:00:0d.0: SSS flag set, parallel bus scan disabled
2025-03-25T15:28:17.548877+00:00 Cristineubuntu kernel: ahci 0000:00:0d.0: AHCI vers 0001.0100, 32 command slots, 3 Gbps, SATA mode
2025-03-25T15:28:17.548878+00:00 Cristineubuntu kernel: ahci 0000:00:0d.0: 1/1 ports implemented (port mask 0x1)
2025-03-25T15:28:17.548879+00:00 Cristineubuntu kernel: ahci 0000:00:0d.0: flags: 64bit ncq stag only ccc 
2025-03-25T15:28:17.548879+00:00 Cristineubuntu kernel: scsi host2: ahci
2025-03-25T15:28:17.548880+00:00 Cristineubuntu kernel: ata3: SATA max UDMA/133 abar m8192@0xf0806000 port 0xf0806100 irq 21 lpm-pol 0
2025-03-25T15:28:17.548885+00:00 Cristineubuntu kernel: usb 2-1: New USB device found, idVendor=80ee, idProduct=0021, bcdDevice= 1.00
2025-03-25T15:28:17.548886+00:00 Cristineubuntu kernel: usb 2-1: New USB device strings: Mfr=1, Product=3, SerialNumber=0
2025-03-25T15:28:17.548886+00:00 Cristineubuntu kernel: usb 2-1: Product: USB Tablet
2025-03-25T15:28:17.548887+00:00 Cristineubuntu kernel: usb 2-1: Manufacturer: VirtualBox
2025-03-25T15:28:17.548888+00:00 Cristineubuntu kernel: hid: raw HID events driver (C) Jiri Kosina
2025-03-25T15:28:17.548888+00:00 Cristineubuntu kernel: e1000 0000:00:03.0 eth0: (PCI:33MHz:32-bit) 08:00:27:1b:17:98
2025-03-25T15:28:17.548889+00:00 Cristineubuntu kernel: e1000 0000:00:03.0 eth0: Intel(R) PRO/1000 Network Connection
2025-03-25T15:28:17.548894+00:00 Cristineubuntu kernel: ata3: SATA link up 3.0 Gbps (SStatus 123 SControl 300)
2025-03-25T15:28:17.548895+00:00 Cristineubuntu kernel: ata3.00: ATA-6: VBOX HARDDISK, 1.0, max UDMA/133
2025-03-25T15:28:17.548896+00:00 Cristineubuntu kernel: ata3.00: 52428800 sectors, multi 128: LBA48 NCQ (depth 32)
2025-03-25T15:28:17.548896+00:00 Cristineubuntu kernel: ata3.00: configured for UDMA/133
2025-03-25T15:28:17.548897+00:00 Cristineubuntu kernel: scsi 2:0:0:0: Direct-Access     ATA      VBOX HARDDISK    1.0  PQ: 0 ANSI: 5
2025-03-25T15:28:17.548897+00:00 Cristineubuntu kernel: sd 2:0:0:0: Attached scsi generic sg1 type 0
2025-03-25T15:28:17.548903+00:00 Cristineubuntu kernel: sd 2:0:0:0: [sda] 52428800 512-byte logical blocks: (26.8 GB/25.0 GiB)
2025-03-25T15:28:17.548904+00:00 Cristineubuntu kernel: sd 2:0:0:0: [sda] Write Protect is off
2025-03-25T15:28:17.548905+00:00 Cristineubuntu kernel: sd 2:0:0:0: [sda] Mode Sense: 00 3a 00 00
2025-03-25T15:28:17.548905+00:00 Cristineubuntu kernel: sd 2:0:0:0: [sda] Write cache: enabled, read cache: enabled, doesn't support DPO or FUA
2025-03-25T15:28:17.548906+00:00 Cristineubuntu kernel: sd 2:0:0:0: [sda] Preferred minimum I/O size 512 bytes
2025-03-25T15:28:17.548906+00:00 Cristineubuntu kernel:  sda: sda1 sda2
2025-03-25T15:28:17.548907+00:00 Cristineubuntu kernel: sd 2:0:0:0: [sda] Attached SCSI disk
2025-03-25T15:28:17.548913+00:00 Cristineubuntu kernel: e1000 0000:00:03.0 enp0s3: renamed from eth0
2025-03-25T15:28:17.548914+00:00 Cristineubuntu kernel: usbcore: registered new interface driver usbhid
2025-03-25T15:28:17.548915+00:00 Cristineubuntu kernel: usbhid: USB HID core driver
2025-03-25T15:28:17.548915+00:00 Cristineubuntu kernel: input: VirtualBox USB Tablet as /devices/pci0000:00/0000:00:06.0/usb2/2-1/2-1:1.0/0003:80EE:0021.0001/input/input6
2025-03-25T15:28:17.548916+00:00 Cristineubuntu kernel: hid-generic 0003:80EE:0021.0001: input,hidraw0: USB HID v1.10 Mouse [VirtualBox USB Tablet] on usb-0000:00:06.0-1/input0
2025-03-25T15:28:17.548917+00:00 Cristineubuntu kernel: EXT4-fs (sda2): mounted filesystem d8a5f2ae-25e5-498b-a320-59412f7de7c4 ro with ordered data mode. Quota mode: none.
2025-03-25T15:28:17.548924+00:00 Cristineubuntu kernel: systemd[1]: Inserted module 'autofs4'
2025-03-25T15:28:17.548925+00:00 Cristineubuntu kernel: systemd[1]: systemd 255.4-1ubuntu8.5 running in system mode (+PAM +AUDIT +SELINUX +APPARMOR +IMA +SMACK +SECCOMP +GCRYPT -GNUTLS +OPENSSL +ACL +BLKID +CURL +ELFUTILS +FIDO2 +IDN2 -IDN +IPTC +KMOD +LIBCRYPTSETUP +LIBFDISK +PCRE2 -PWQUALITY +P11KIT +QRENCODE +TPM2 +BZIP2 +LZ4 +XZ +ZLIB +ZSTD -BPF_FRAMEWORK -XKBCOMMON +UTMP +SYSVINIT default-hierarchy=unified)
2025-03-25T15:28:17.548925+00:00 Cristineubuntu kernel: systemd[1]: Detected virtualization oracle.
2025-03-25T15:28:17.548926+00:00 Cristineubuntu kernel: systemd[1]: Detected architecture x86-64.
2025-03-25T15:28:17.548926+00:00 Cristineubuntu kernel: systemd[1]: Invalid DMI field header.
2025-03-25T15:28:17.548932+00:00 Cristineubuntu kernel: systemd[1]: Hostname set to <Cristineubuntu>.
2025-03-25T15:28:17.548933+00:00 Cristineubuntu kernel: systemd[1]: Queued start job for default target graphical.target.
2025-03-25T15:28:17.548934+00:00 Cristineubuntu kernel: systemd[1]: Created slice system-modprobe.slice - Slice /system/modprobe.
2025-03-25T15:28:17.548934+00:00 Cristineubuntu kernel: systemd[1]: Created slice user.slice - User and Session Slice.
2025-03-25T15:28:17.548935+00:00 Cristineubuntu kernel: systemd[1]: Started systemd-ask-password-wall.path - Forward Password Requests to Wall Directory Watch.
2025-03-25T15:28:17.548935+00:00 Cristineubuntu kernel: systemd[1]: Set up automount proc-sys-fs-binfmt_misc.automount - Arbitrary Executable File Formats File System Automount Point.
2025-03-25T15:28:17.548941+00:00 Cristineubuntu kernel: systemd[1]: Reached target integritysetup.target - Local Integrity Protected Volumes.
2025-03-25T15:28:17.548942+00:00 Cristineubuntu kernel: systemd[1]: Reached target remote-fs.target - Remote File Systems.
2025-03-25T15:28:17.548943+00:00 Cristineubuntu kernel: systemd[1]: Reached target slices.target - Slice Units.
2025-03-25T15:28:17.548943+00:00 Cristineubuntu kernel: systemd[1]: Reached target snapd.mounts-pre.target - Mounting snaps.
2025-03-25T15:28:17.548944+00:00 Cristineubuntu kernel: systemd[1]: Reached target swap.target - Swaps.
2025-03-25T15:28:17.548944+00:00 Cristineubuntu kernel: systemd[1]: Reached target veritysetup.target - Local Verity Protected Volumes.
2025-03-25T15:28:17.548945+00:00 Cristineubuntu kernel: systemd[1]: Listening on syslog.socket - Syslog Socket.
2025-03-25T15:28:17.548950+00:00 Cristineubuntu kernel: systemd[1]: Listening on systemd-fsckd.socket - fsck to fsckd communication Socket.
2025-03-25T15:28:17.548951+00:00 Cristineubuntu kernel: systemd[1]: Listening on systemd-initctl.socket - initctl Compatibility Named Pipe.
2025-03-25T15:28:17.548952+00:00 Cristineubuntu kernel: systemd[1]: Listening on systemd-journald-dev-log.socket - Journal Socket (/dev/log).
2025-03-25T15:28:17.548952+00:00 Cristineubuntu kernel: systemd[1]: Listening on systemd-journald.socket - Journal Socket.
2025-03-25T15:28:17.548953+00:00 Cristineubuntu kernel: systemd[1]: Listening on systemd-oomd.socket - Userspace Out-Of-Memory (OOM) Killer Socket.
2025-03-25T15:28:17.548953+00:00 Cristineubuntu kernel: systemd[1]: systemd-pcrextend.socket - TPM2 PCR Extension (Varlink) was skipped because of an unmet condition check (ConditionSecurity=measured-uki).
2025-03-25T15:28:17.548959+00:00 Cristineubuntu kernel: systemd[1]: Listening on systemd-udevd-control.socket - udev Control Socket.
2025-03-25T15:28:17.548960+00:00 Cristineubuntu kernel: systemd[1]: Listening on systemd-udevd-kernel.socket - udev Kernel Socket.
2025-03-25T15:28:17.548960+00:00 Cristineubuntu kernel: systemd[1]: Mounting dev-hugepages.mount - Huge Pages File System...
2025-03-25T15:28:17.548961+00:00 Cristineubuntu kernel: systemd[1]: Mounting dev-mqueue.mount - POSIX Message Queue File System...
2025-03-25T15:28:17.548961+00:00 Cristineubuntu kernel: systemd[1]: Mounting sys-kernel-debug.mount - Kernel Debug File System...
2025-03-25T15:28:17.548962+00:00 Cristineubuntu kernel: systemd[1]: Mounting sys-kernel-tracing.mount - Kernel Trace File System...
2025-03-25T15:28:17.548967+00:00 Cristineubuntu kernel: systemd[1]: Starting systemd-journald.service - Journal Service...
2025-03-25T15:28:17.548968+00:00 Cristineubuntu kernel: systemd[1]: Starting keyboard-setup.service - Set the console keyboard layout...
2025-03-25T15:28:17.548969+00:00 Cristineubuntu kernel: systemd[1]: Starting kmod-static-nodes.service - Create List of Static Device Nodes...
2025-03-25T15:28:17.548969+00:00 Cristineubuntu kernel: systemd[1]: Starting modprobe@configfs.service - Load Kernel Module configfs...
2025-03-25T15:28:17.549037+00:00 Cristineubuntu kernel: systemd[1]: Starting modprobe@dm_mod.service - Load Kernel Module dm_mod...
2025-03-25T15:28:17.549038+00:00 Cristineubuntu kernel: systemd[1]: Starting modprobe@drm.service - Load Kernel Module drm...
2025-03-25T15:28:17.549039+00:00 Cristineubuntu kernel: systemd[1]: Starting modprobe@efi_pstore.service - Load Kernel Module efi_pstore...
2025-03-25T15:28:17.549050+00:00 Cristineubuntu kernel: systemd[1]: Starting modprobe@fuse.service - Load Kernel Module fuse...
2025-03-25T15:28:17.549050+00:00 Cristineubuntu kernel: systemd[1]: Starting modprobe@loop.service - Load Kernel Module loop...
2025-03-25T15:28:17.549051+00:00 Cristineubuntu kernel: systemd[1]: systemd-fsck-root.service - File System Check on Root Device was skipped because of an unmet condition check (ConditionPathExists=!/run/initramfs/fsck-root).
2025-03-25T15:28:17.549052+00:00 Cristineubuntu kernel: systemd-journald[266]: Collecting audit messages is disabled.
2025-03-25T15:28:17.549052+00:00 Cristineubuntu kernel: systemd[1]: Starting systemd-modules-load.service - Load Kernel Modules...
2025-03-25T15:28:17.549053+00:00 Cristineubuntu kernel: systemd[1]: systemd-pcrmachine.service - TPM2 PCR Machine ID Measurement was skipped because of an unmet condition check (ConditionSecurity=measured-uki).
2025-03-25T15:28:17.549058+00:00 Cristineubuntu kernel: systemd[1]: Starting systemd-remount-fs.service - Remount Root and Kernel File Systems...
2025-03-25T15:28:17.549059+00:00 Cristineubuntu kernel: systemd[1]: systemd-tpm2-setup-early.service - TPM2 SRK Setup (Early) was skipped because of an unmet condition check (ConditionSecurity=measured-uki).
2025-03-25T15:28:17.549060+00:00 Cristineubuntu kernel: systemd[1]: Starting systemd-udev-trigger.service - Coldplug All udev Devices...
2025-03-25T15:28:17.549060+00:00 Cristineubuntu kernel: systemd[1]: Mounted dev-hugepages.mount - Huge Pages File System.
2025-03-25T15:28:17.549061+00:00 Cristineubuntu kernel: systemd[1]: Mounted dev-mqueue.mount - POSIX Message Queue File System.
2025-03-25T15:28:17.549066+00:00 Cristineubuntu kernel: systemd[1]: Mounted sys-kernel-debug.mount - Kernel Debug File System.
2025-03-25T15:28:17.549067+00:00 Cristineubuntu kernel: systemd[1]: Mounted sys-kernel-tracing.mount - Kernel Trace File System.
2025-03-25T15:28:17.549067+00:00 Cristineubuntu kernel: systemd[1]: Finished kmod-static-nodes.service - Create List of Static Device Nodes.
2025-03-25T15:28:17.549068+00:00 Cristineubuntu kernel: systemd[1]: modprobe@configfs.service: Deactivated successfully.
2025-03-25T15:28:17.549068+00:00 Cristineubuntu kernel: systemd[1]: Finished modprobe@configfs.service - Load Kernel Module configfs.
2025-03-25T15:28:17.549069+00:00 Cristineubuntu kernel: systemd[1]: modprobe@dm_mod.service: Deactivated successfully.
2025-03-25T15:28:17.549069+00:00 Cristineubuntu kernel: systemd[1]: Finished modprobe@dm_mod.service - Load Kernel Module dm_mod.
2025-03-25T15:28:17.549075+00:00 Cristineubuntu kernel: systemd[1]: modprobe@drm.service: Deactivated successfully.
2025-03-25T15:28:17.549076+00:00 Cristineubuntu kernel: systemd[1]: Finished modprobe@drm.service - Load Kernel Module drm.
2025-03-25T15:28:17.549077+00:00 Cristineubuntu kernel: systemd[1]: modprobe@efi_pstore.service: Deactivated successfully.
2025-03-25T15:28:17.549077+00:00 Cristineubuntu kernel: systemd[1]: Finished modprobe@efi_pstore.service - Load Kernel Module efi_pstore.
2025-03-25T15:28:17.549078+00:00 Cristineubuntu kernel: systemd[1]: modprobe@fuse.service: Deactivated successfully.
2025-03-25T15:28:17.549078+00:00 Cristineubuntu kernel: systemd[1]: Finished modprobe@fuse.service - Load Kernel Module fuse.
2025-03-25T15:28:17.549084+00:00 Cristineubuntu kernel: systemd[1]: modprobe@loop.service: Deactivated successfully.
2025-03-25T15:28:17.549085+00:00 Cristineubuntu kernel: systemd[1]: Finished modprobe@loop.service - Load Kernel Module loop.
2025-03-25T15:28:17.549085+00:00 Cristineubuntu kernel: EXT4-fs (sda2): re-mounted d8a5f2ae-25e5-498b-a320-59412f7de7c4 r/w. Quota mode: none.
2025-03-25T15:28:17.549086+00:00 Cristineubuntu kernel: systemd[1]: Mounting sys-fs-fuse-connections.mount - FUSE Control File System...
2025-03-25T15:28:17.549086+00:00 Cristineubuntu kernel: lp: driver loaded but no devices found
2025-03-25T15:28:17.549087+00:00 Cristineubuntu kernel: systemd[1]: Mounting sys-kernel-config.mount - Kernel Configuration File System...
2025-03-25T15:28:17.549087+00:00 Cristineubuntu kernel: systemd[1]: systemd-repart.service - Repartition Root Disk was skipped because no trigger condition checks were met.
2025-03-25T15:28:17.549093+00:00 Cristineubuntu kernel: ppdev: user-space parallel port driver
2025-03-25T15:28:17.549094+00:00 Cristineubuntu kernel: systemd[1]: Starting systemd-tmpfiles-setup-dev-early.service - Create Static Device Nodes in /dev gracefully...
2025-03-25T15:28:17.549094+00:00 Cristineubuntu kernel: systemd[1]: Finished systemd-remount-fs.service - Remount Root and Kernel File Systems.
2025-03-25T15:28:17.549095+00:00 Cristineubuntu kernel: systemd[1]: Mounted sys-fs-fuse-connections.mount - FUSE Control File System.
2025-03-25T15:28:17.549095+00:00 Cristineubuntu kernel: systemd[1]: Mounted sys-kernel-config.mount - Kernel Configuration File System.
2025-03-25T15:28:17.549096+00:00 Cristineubuntu kernel: systemd[1]: Starting cloud-init-local.service - Cloud-init: Local Stage (pre-network)...
2025-03-25T15:28:17.549102+00:00 Cristineubuntu kernel: systemd[1]: systemd-hwdb-update.service - Rebuild Hardware Database was skipped because no trigger condition checks were met.
2025-03-25T15:28:17.549102+00:00 Cristineubuntu kernel: systemd[1]: systemd-pstore.service - Platform Persistent Storage Archival was skipped because of an unmet condition check (ConditionDirectoryNotEmpty=/sys/fs/pstore).
2025-03-25T15:28:17.549103+00:00 Cristineubuntu kernel: systemd[1]: Starting systemd-random-seed.service - Load/Save OS Random Seed...
2025-03-25T15:28:17.549104+00:00 Cristineubuntu kernel: systemd[1]: systemd-tpm2-setup.service - TPM2 SRK Setup was skipped because of an unmet condition check (ConditionSecurity=measured-uki).
2025-03-25T15:28:17.549104+00:00 Cristineubuntu kernel: systemd[1]: Started systemd-journald.service - Journal Service.
2025-03-25T15:28:17.549110+00:00 Cristineubuntu kernel: systemd-journald[266]: Received client request to flush runtime journal.
2025-03-25T15:28:17.549111+00:00 Cristineubuntu kernel: loop0: detected capacity change from 0 to 8
2025-03-25T15:28:17.549111+00:00 Cristineubuntu kernel: loop1: detected capacity change from 0 to 151328
2025-03-25T15:28:17.549112+00:00 Cristineubuntu kernel: loop2: detected capacity change from 0 to 528456
2025-03-25T15:28:17.549112+00:00 Cristineubuntu kernel: loop3: detected capacity change from 0 to 22800
2025-03-25T15:28:17.549113+00:00 Cristineubuntu kernel: loop4: detected capacity change from 0 to 1056784
2025-03-25T15:28:17.549113+00:00 Cristineubuntu kernel: loop5: detected capacity change from 0 to 187776
2025-03-25T15:28:17.549119+00:00 Cristineubuntu kernel: loop6: detected capacity change from 0 to 22056
2025-03-25T15:28:17.549120+00:00 Cristineubuntu kernel: loop7: detected capacity change from 0 to 91008
2025-03-25T15:28:17.549121+00:00 Cristineubuntu kernel: loop8: detected capacity change from 0 to 1136
2025-03-25T15:28:17.549121+00:00 Cristineubuntu kernel: audit: type=1400 audit(1742916490.768:2): apparmor="STATUS" operation="profile_load" profile="unconfined" name="1password" pid=375 comm="apparmor_parser"
2025-03-25T15:28:17.549122+00:00 Cristineubuntu kernel: audit: type=1400 audit(1742916490.770:3): apparmor="STATUS" operation="profile_load" profile="unconfined" name="Discord" pid=376 comm="apparmor_parser"
2025-03-25T15:28:17.549123+00:00 Cristineubuntu kernel: audit: type=1400 audit(1742916490.770:4): apparmor="STATUS" operation="profile_load" profile="unconfined" name=4D6F6E676F444220436F6D70617373 pid=377 comm="apparmor_parser"
2025-03-25T15:28:17.549128+00:00 Cristineubuntu kernel: audit: type=1400 audit(1742916490.771:5): apparmor="STATUS" operation="profile_load" profile="unconfined" name="balena-etcher" pid=381 comm="apparmor_parser"
2025-03-25T15:28:17.549129+00:00 Cristineubuntu kernel: audit: type=1400 audit(1742916490.771:6): apparmor="STATUS" operation="profile_load" profile="unconfined" name="buildah" pid=383 comm="apparmor_parser"
2025-03-25T15:28:17.549129+00:00 Cristineubuntu kernel: audit: type=1400 audit(1742916490.778:7): apparmor="STATUS" operation="profile_load" profile="unconfined" name="QtWebEngineProcess" pid=378 comm="apparmor_parser"
2025-03-25T15:28:17.549130+00:00 Cristineubuntu kernel: audit: type=1400 audit(1742916490.778:8): apparmor="STATUS" operation="profile_load" profile="unconfined" name="busybox" pid=384 comm="apparmor_parser"
2025-03-25T15:28:17.549131+00:00 Cristineubuntu kernel: audit: type=1400 audit(1742916490.778:9): apparmor="STATUS" operation="profile_load" profile="unconfined" name="brave" pid=382 comm="apparmor_parser"
2025-03-25T15:28:17.549136+00:00 Cristineubuntu kernel: audit: type=1400 audit(1742916490.784:10): apparmor="STATUS" operation="profile_load" profile="unconfined" name="cam" pid=385 comm="apparmor_parser"
2025-03-25T15:28:17.549137+00:00 Cristineubuntu kernel: kauditd_printk_skb: 82 callbacks suppressed
2025-03-25T15:28:17.549138+00:00 Cristineubuntu kernel: audit: type=1400 audit(1742916491.290:93): apparmor="STATUS" operation="profile_load" profile="unconfined" name="unix-chkpwd" pid=511 comm="apparmor_parser"
2025-03-25T15:28:17.549138+00:00 Cristineubuntu kernel: audit: type=1400 audit(1742916491.408:94): apparmor="STATUS" operation="profile_load" profile="unconfined" name="/usr/bin/man" pid=520 comm="apparmor_parser"
2025-03-25T15:28:17.549139+00:00 Cristineubuntu kernel: audit: type=1400 audit(1742916491.408:95): apparmor="STATUS" operation="profile_load" profile="unconfined" name="man_filter" pid=520 comm="apparmor_parser"
2025-03-25T15:28:17.549144+00:00 Cristineubuntu kernel: audit: type=1400 audit(1742916491.432:96): apparmor="STATUS" operation="profile_load" profile="unconfined" name="man_groff" pid=520 comm="apparmor_parser"
2025-03-25T15:28:17.549145+00:00 Cristineubuntu kernel: audit: type=1400 audit(1742916491.817:97): apparmor="STATUS" operation="profile_load" profile="unconfined" name="tcpdump" pid=525 comm="apparmor_parser"
2025-03-25T15:28:17.549146+00:00 Cristineubuntu kernel: audit: type=1400 audit(1742916491.849:98): apparmor="STATUS" operation="profile_load" profile="unconfined" name="ubuntu_pro_esm_cache" pid=510 comm="apparmor_parser"
2025-03-25T15:28:17.549191+00:00 Cristineubuntu kernel: audit: type=1400 audit(1742916491.849:99): apparmor="STATUS" operation="profile_load" profile="unconfined" name="ubuntu_pro_esm_cache//apt_methods" pid=510 comm="apparmor_parser"
2025-03-25T15:28:17.549192+00:00 Cristineubuntu kernel: audit: type=1400 audit(1742916491.854:100): apparmor="STATUS" operation="profile_load" profile="unconfined" name="ubuntu_pro_esm_cache//apt_methods_gpgv" pid=510 comm="apparmor_parser"
2025-03-25T15:28:17.549199+00:00 Cristineubuntu kernel: audit: type=1400 audit(1742916491.856:101): apparmor="STATUS" operation="profile_load" profile="unconfined" name="ubuntu_pro_esm_cache//cloud_id" pid=510 comm="apparmor_parser"
2025-03-25T15:28:17.549200+00:00 Cristineubuntu kernel: audit: type=1400 audit(1742916491.856:102): apparmor="STATUS" operation="profile_load" profile="unconfined" name="ubuntu_pro_esm_cache//dpkg" pid=510 comm="apparmor_parser"
2025-03-25T15:28:17.549200+00:00 Cristineubuntu kernel: cryptd: max_cpu_qlen set to 1000
2025-03-25T15:28:17.549201+00:00 Cristineubuntu kernel: piix4_smbus 0000:00:07.0: SMBus Host Controller at 0x4100, revision 0
2025-03-25T15:28:17.549202+00:00 Cristineubuntu kernel: vboxguest: host-version: 7.1.6r167084 0x8000000f
2025-03-25T15:28:17.549207+00:00 Cristineubuntu kernel: vbg_heartbeat_init: Setting up heartbeat to trigger every 2000 milliseconds
2025-03-25T15:28:17.549208+00:00 Cristineubuntu kernel: input: VirtualBox mouse integration as /devices/pci0000:00/0000:00:04.0/input/input7
2025-03-25T15:28:17.549208+00:00 Cristineubuntu kernel: AES CTR mode by8 optimization enabled
2025-03-25T15:28:17.549209+00:00 Cristineubuntu kernel: vmwgfx 0000:00:02.0: vgaarb: deactivate vga console
2025-03-25T15:28:17.549209+00:00 Cristineubuntu kernel: Console: switching to colour dummy device 80x25
2025-03-25T15:28:17.549210+00:00 Cristineubuntu kernel: vmwgfx 0000:00:02.0: [drm] FIFO at 0x00000000f0000000 size is 2048 KiB
2025-03-25T15:28:17.549210+00:00 Cristineubuntu kernel: vmwgfx 0000:00:02.0: [drm] VRAM at 0x00000000e0000000 size is 16384 KiB
2025-03-25T15:28:17.549216+00:00 Cristineubuntu kernel: vmwgfx 0000:00:02.0: [drm] Running on SVGA version 2.
2025-03-25T15:28:17.549217+00:00 Cristineubuntu kernel: vmwgfx 0000:00:02.0: [drm] Capabilities: rect copy, cursor, cursor bypass, cursor bypass 2, alpha cursor, extended fifo, pitchlock, irq mask, gmr, traces, gmr2, screen object 2, command buffers, gbobject, 
2025-03-25T15:28:17.549218+00:00 Cristineubuntu kernel: vmwgfx 0000:00:02.0: [drm] *ERROR* vmwgfx seems to be running on an unsupported hypervisor.
2025-03-25T15:28:17.549219+00:00 Cristineubuntu kernel: vmwgfx 0000:00:02.0: [drm] *ERROR* This configuration is likely broken.
2025-03-25T15:28:17.549219+00:00 Cristineubuntu kernel: vmwgfx 0000:00:02.0: [drm] *ERROR* Please switch to a supported graphics device to avoid problems.
2025-03-25T15:28:17.549220+00:00 Cristineubuntu kernel: vmwgfx 0000:00:02.0: [drm] DMA map mode: Caching DMA mappings.
2025-03-25T15:28:17.549226+00:00 Cristineubuntu kernel: vmwgfx 0000:00:02.0: [drm] Legacy memory limits: VRAM = 16384 KiB, FIFO = 2048 KiB, surface = 507904 KiB
2025-03-25T15:28:17.549226+00:00 Cristineubuntu kernel: vmwgfx 0000:00:02.0: [drm] MOB limits: max mob size = 131072 KiB, max mob pages = 4096
2025-03-25T15:28:17.549227+00:00 Cristineubuntu kernel: vmwgfx 0000:00:02.0: [drm] Max GMR ids is 8192
2025-03-25T15:28:17.549228+00:00 Cristineubuntu kernel: vmwgfx 0000:00:02.0: [drm] Max number of GMR pages is 1048576
2025-03-25T15:28:17.549228+00:00 Cristineubuntu kernel: vmwgfx 0000:00:02.0: [drm] Maximum display memory size is 16384 KiB
2025-03-25T15:28:17.549229+00:00 Cristineubuntu kernel: vmwgfx 0000:00:02.0: [drm] Screen Target display unit initialized
2025-03-25T15:28:17.549235+00:00 Cristineubuntu kernel: vmwgfx 0000:00:02.0: [drm] Fifo max 0x00200000 min 0x00001000 cap 0x00000355
2025-03-25T15:28:17.549236+00:00 Cristineubuntu kernel: vmwgfx 0000:00:02.0: [drm] Using command buffers with DMA pool.
2025-03-25T15:28:17.549236+00:00 Cristineubuntu kernel: vmwgfx 0000:00:02.0: [drm] Available shader model: Legacy.
2025-03-25T15:28:17.549237+00:00 Cristineubuntu kernel: [drm] Initialized vmwgfx 2.20.0 for 0000:00:02.0 on minor 0
2025-03-25T15:28:17.549237+00:00 Cristineubuntu kernel: fbcon: vmwgfxdrmfb (fb0) is primary device
2025-03-25T15:28:17.549238+00:00 Cristineubuntu kernel: Console: switching to colour frame buffer device 160x50
2025-03-25T15:28:17.549243+00:00 Cristineubuntu kernel: vmwgfx 0000:00:02.0: [drm] fb0: vmwgfxdrmfb frame buffer device
2025-03-25T15:28:17.549244+00:00 Cristineubuntu kernel: intel_rapl_common: Found RAPL domain package
2025-03-25T15:28:17.549245+00:00 Cristineubuntu kernel: intel_rapl_common: Found RAPL domain core
2025-03-25T15:28:17.549245+00:00 Cristineubuntu kernel: snd_intel8x0 0000:00:05.0: allow list rate for 1028:0177 is 48000
2025-03-25T15:28:17.549246+00:00 Cristineubuntu kernel: kauditd_printk_skb: 41 callbacks suppressed
2025-03-25T15:28:17.549246+00:00 Cristineubuntu kernel: audit: type=1400 audit(1742916496.327:144): apparmor="STATUS" operation="profile_load" profile="unconfined" name="snap.firmware-updater.firmware-updater" pid=897 comm="apparmor_parser"
2025-03-25T15:28:17.549247+00:00 Cristineubuntu kernel: audit: type=1400 audit(1742916496.376:145): apparmor="STATUS" operation="profile_load" profile="unconfined" name="snap.firefox.firefox" pid=890 comm="apparmor_parser"
2025-03-25T15:28:17.549252+00:00 Cristineubuntu kernel: audit: type=1400 audit(1742916496.501:146): apparmor="STATUS" operation="profile_load" profile="unconfined" name="snap.firmware-updater.hook.configure" pid=899 comm="apparmor_parser"
2025-03-25T15:28:17.549253+00:00 Cristineubuntu kernel: audit: type=1400 audit(1742916496.553:147): apparmor="STATUS" operation="profile_load" profile="unconfined" name="snap.snap-store.hook.configure" pid=900 comm="apparmor_parser"
2025-03-25T15:28:17.549254+00:00 Cristineubuntu kernel: audit: type=1400 audit(1742916496.751:148): apparmor="STATUS" operation="profile_load" profile="unconfined" name="snap.firmware-updater.firmware-updater-app" pid=898 comm="apparmor_parser"
2025-03-25T15:28:17.549254+00:00 Cristineubuntu kernel: audit: type=1400 audit(1742916496.818:149): apparmor="STATUS" operation="profile_load" profile="unconfined" name="snap.snapd-desktop-integration.hook.configure" pid=903 comm="apparmor_parser"
2025-03-25T15:28:17.549260+00:00 Cristineubuntu kernel: audit: type=1400 audit(1742916496.842:150): apparmor="STATUS" operation="profile_load" profile="unconfined" name="snap.snap-store.show-updates" pid=901 comm="apparmor_parser"
2025-03-25T15:28:17.549261+00:00 Cristineubuntu kernel: audit: type=1400 audit(1742916496.965:151): apparmor="STATUS" operation="profile_load" profile="unconfined" name="snap.snap-store.snap-store" pid=902 comm="apparmor_parser"
2025-03-25T15:28:17.549262+00:00 Cristineubuntu kernel: audit: type=1400 audit(1742916497.095:152): apparmor="STATUS" operation="profile_load" profile="unconfined" name="snap.snapd-desktop-integration.snapd-desktop-integration" pid=904 comm="apparmor_parser"
